Archive member included to satisfy reference by file (symbol)

c:/users/jessejabezarendse/appdata/roaming/code/user/globalstorage/bmd.stm32-for-vscode/@xpack-dev-tools/arm-none-eabi-gcc/12.3.1-1.2.1/.content/bin/../lib/gcc/arm-none-eabi/12.3.1/../../../../arm-none-eabi/lib/thumb/v7e-m+fp/hard\libc_nano.a(libc_a-atexit.o)
                              c:/users/jessejabezarendse/appdata/roaming/code/user/globalstorage/bmd.stm32-for-vscode/@xpack-dev-tools/arm-none-eabi-gcc/12.3.1-1.2.1/.content/bin/../lib/gcc/arm-none-eabi/12.3.1/../../../../arm-none-eabi/lib/thumb/v7e-m+fp/hard/crt0.o (atexit)
c:/users/jessejabezarendse/appdata/roaming/code/user/globalstorage/bmd.stm32-for-vscode/@xpack-dev-tools/arm-none-eabi-gcc/12.3.1-1.2.1/.content/bin/../lib/gcc/arm-none-eabi/12.3.1/../../../../arm-none-eabi/lib/thumb/v7e-m+fp/hard\libc_nano.a(libc_a-exit.o)
                              c:/users/jessejabezarendse/appdata/roaming/code/user/globalstorage/bmd.stm32-for-vscode/@xpack-dev-tools/arm-none-eabi-gcc/12.3.1-1.2.1/.content/bin/../lib/gcc/arm-none-eabi/12.3.1/../../../../arm-none-eabi/lib/thumb/v7e-m+fp/hard/crt0.o (exit)
c:/users/jessejabezarendse/appdata/roaming/code/user/globalstorage/bmd.stm32-for-vscode/@xpack-dev-tools/arm-none-eabi-gcc/12.3.1-1.2.1/.content/bin/../lib/gcc/arm-none-eabi/12.3.1/../../../../arm-none-eabi/lib/thumb/v7e-m+fp/hard\libc_nano.a(libc_a-findfp.o)
                              c:/users/jessejabezarendse/appdata/roaming/code/user/globalstorage/bmd.stm32-for-vscode/@xpack-dev-tools/arm-none-eabi-gcc/12.3.1-1.2.1/.content/bin/../lib/gcc/arm-none-eabi/12.3.1/../../../../arm-none-eabi/lib/thumb/v7e-m+fp/hard\libc_nano.a(libc_a-exit.o) (__stdio_exit_handler)
c:/users/jessejabezarendse/appdata/roaming/code/user/globalstorage/bmd.stm32-for-vscode/@xpack-dev-tools/arm-none-eabi-gcc/12.3.1-1.2.1/.content/bin/../lib/gcc/arm-none-eabi/12.3.1/../../../../arm-none-eabi/lib/thumb/v7e-m+fp/hard\libc_nano.a(libc_a-fwalk.o)
                              c:/users/jessejabezarendse/appdata/roaming/code/user/globalstorage/bmd.stm32-for-vscode/@xpack-dev-tools/arm-none-eabi-gcc/12.3.1-1.2.1/.content/bin/../lib/gcc/arm-none-eabi/12.3.1/../../../../arm-none-eabi/lib/thumb/v7e-m+fp/hard\libc_nano.a(libc_a-findfp.o) (_fwalk_sglue)
c:/users/jessejabezarendse/appdata/roaming/code/user/globalstorage/bmd.stm32-for-vscode/@xpack-dev-tools/arm-none-eabi-gcc/12.3.1-1.2.1/.content/bin/../lib/gcc/arm-none-eabi/12.3.1/../../../../arm-none-eabi/lib/thumb/v7e-m+fp/hard\libc_nano.a(libc_a-stdio.o)
                              c:/users/jessejabezarendse/appdata/roaming/code/user/globalstorage/bmd.stm32-for-vscode/@xpack-dev-tools/arm-none-eabi-gcc/12.3.1-1.2.1/.content/bin/../lib/gcc/arm-none-eabi/12.3.1/../../../../arm-none-eabi/lib/thumb/v7e-m+fp/hard\libc_nano.a(libc_a-findfp.o) (__sread)
c:/users/jessejabezarendse/appdata/roaming/code/user/globalstorage/bmd.stm32-for-vscode/@xpack-dev-tools/arm-none-eabi-gcc/12.3.1-1.2.1/.content/bin/../lib/gcc/arm-none-eabi/12.3.1/../../../../arm-none-eabi/lib/thumb/v7e-m+fp/hard\libc_nano.a(libc_a-memset.o)
                              c:/users/jessejabezarendse/appdata/roaming/code/user/globalstorage/bmd.stm32-for-vscode/@xpack-dev-tools/arm-none-eabi-gcc/12.3.1-1.2.1/.content/bin/../lib/gcc/arm-none-eabi/12.3.1/../../../../arm-none-eabi/lib/thumb/v7e-m+fp/hard/crt0.o (memset)
c:/users/jessejabezarendse/appdata/roaming/code/user/globalstorage/bmd.stm32-for-vscode/@xpack-dev-tools/arm-none-eabi-gcc/12.3.1-1.2.1/.content/bin/../lib/gcc/arm-none-eabi/12.3.1/../../../../arm-none-eabi/lib/thumb/v7e-m+fp/hard\libc_nano.a(libc_a-closer.o)
                              c:/users/jessejabezarendse/appdata/roaming/code/user/globalstorage/bmd.stm32-for-vscode/@xpack-dev-tools/arm-none-eabi-gcc/12.3.1-1.2.1/.content/bin/../lib/gcc/arm-none-eabi/12.3.1/../../../../arm-none-eabi/lib/thumb/v7e-m+fp/hard\libc_nano.a(libc_a-stdio.o) (_close_r)
c:/users/jessejabezarendse/appdata/roaming/code/user/globalstorage/bmd.stm32-for-vscode/@xpack-dev-tools/arm-none-eabi-gcc/12.3.1-1.2.1/.content/bin/../lib/gcc/arm-none-eabi/12.3.1/../../../../arm-none-eabi/lib/thumb/v7e-m+fp/hard\libc_nano.a(libc_a-reent.o)
                              c:/users/jessejabezarendse/appdata/roaming/code/user/globalstorage/bmd.stm32-for-vscode/@xpack-dev-tools/arm-none-eabi-gcc/12.3.1-1.2.1/.content/bin/../lib/gcc/arm-none-eabi/12.3.1/../../../../arm-none-eabi/lib/thumb/v7e-m+fp/hard\libc_nano.a(libc_a-closer.o) (errno)
c:/users/jessejabezarendse/appdata/roaming/code/user/globalstorage/bmd.stm32-for-vscode/@xpack-dev-tools/arm-none-eabi-gcc/12.3.1-1.2.1/.content/bin/../lib/gcc/arm-none-eabi/12.3.1/../../../../arm-none-eabi/lib/thumb/v7e-m+fp/hard\libc_nano.a(libc_a-impure.o)
[...]
Memory Configuration

Name             Origin             Length             Attributes
RAM              0x20000000         0x00020000         xrw
FLASH            0x08000000         0x00080000         xr
*default*        0x00000000         0xffffffff

Linker script and memory map

LOAD c:/users/jessejabezarendse/appdata/roaming/code/user/globalstorage/bmd.stm32-for-vscode/@xpack-dev-tools/arm-none-eabi-gcc/12.3.1-1.2.1/.content/bin/../lib/gcc/arm-none-eabi/12.3.1/thumb/v7e-m+fp/hard/crti.o
LOAD c:/users/jessejabezarendse/appdata/roaming/code/user/globalstorage/bmd.stm32-for-vscode/@xpack-dev-tools/arm-none-eabi-gcc/12.3.1-1.2.1/.content/bin/../lib/gcc/arm-none-eabi/12.3.1/thumb/v7e-m+fp/hard/crtbegin.o
LOAD c:/users/jessejabezarendse/appdata/roaming/code/user/globalstorage/bmd.stm32-for-vscode/@xpack-dev-tools/arm-none-eabi-gcc/12.3.1-1.2.1/.content/bin/../lib/gcc/arm-none-eabi/12.3.1/../../../../arm-none-eabi/lib/thumb/v7e-m+fp/hard/crt0.o
LOAD build/debug/Core/Src/IKS02A1_Simulink.o
LOAD build/debug/Core/Src/main.o
LOAD build/debug/Core/Src/stm32f4xx_hal_msp.o
LOAD build/debug/Core/Src/stm32f4xx_hal_timebase_tim.o
LOAD build/debug/Core/Src/stm32f4xx_it.o
LOAD build/debug/Core/Src/stm32f4xx_nucleo_bus.o
LOAD build/debug/Core/Src/syscalls.o
LOAD build/debug/Core/Src/sysmem.o
LOAD build/debug/Core/Src/system_stm32f4xx.o
LOAD build/debug/Drivers/BSP/Components/iis2dlpc/iis2dlpc.o
LOAD build/debug/Drivers/BSP/Components/iis2dlpc/iis2dlpc_reg.o
LOAD build/debug/Drivers/BSP/Components/iis2mdc/iis2mdc.o
LOAD build/debug/Drivers/BSP/Components/iis2mdc/iis2mdc_reg.o
LOAD build/debug/Drivers/BSP/Components/ism330dhcx/ism330dhcx.o
LOAD build/debug/Drivers/BSP/Components/ism330dhcx/ism330dhcx_reg.o
LOAD build/debug/Drivers/BSP/IKS02A1/iks02a1_motion_sensors.o
LOAD build/debug/Drivers/BSP/IKS02A1/iks02a1_motion_sensors_ex.o
LOAD build/debug/Drivers/STM32F4xx_HAL_Driver/Src/stm32f4xx_hal.o
LOAD build/debug/Drivers/STM32F4xx_HAL_Driver/Src/stm32f4xx_hal_cortex.o
LOAD build/debug/Drivers/STM32F4xx_HAL_Driver/Src/stm32f4xx_hal_dma.o
LOAD build/debug/Drivers/STM32F4xx_HAL_Driver/Src/stm32f4xx_hal_dma_ex.o
LOAD build/debug/Drivers/STM32F4xx_HAL_Driver/Src/stm32f4xx_hal_exti.o
LOAD build/debug/Drivers/STM32F4xx_HAL_Driver/Src/stm32f4xx_hal_flash.o
LOAD build/debug/Drivers/STM32F4xx_HAL_Driver/Src/stm32f4xx_hal_flash_ex.o
LOAD build/debug/Drivers/STM32F4xx_HAL_Driver/Src/stm32f4xx_hal_flash_ramfunc.o
LOAD build/debug/Drivers/STM32F4xx_HAL_Driver/Src/stm32f4xx_hal_gpio.o
LOAD build/debug/Drivers/STM32F4xx_HAL_Driver/Src/stm32f4xx_hal_i2c.o
LOAD build/debug/Drivers/STM32F4xx_HAL_Driver/Src/stm32f4xx_hal_i2c_ex.o
LOAD build/debug/Drivers/STM32F4xx_HAL_Driver/Src/stm32f4xx_hal_pwr.o
LOAD build/debug/Drivers/STM32F4xx_HAL_Driver/Src/stm32f4xx_hal_pwr_ex.o
LOAD build/debug/Drivers/STM32F4xx_HAL_Driver/Src/stm32f4xx_hal_rcc.o
LOAD build/debug/Drivers/STM32F4xx_HAL_Driver/Src/stm32f4xx_hal_rcc_ex.o
LOAD build/debug/Drivers/STM32F4xx_HAL_Driver/Src/stm32f4xx_hal_tim.o
LOAD build/debug/Drivers/STM32F4xx_HAL_Driver/Src/stm32f4xx_hal_tim_ex.o
LOAD build/debug/Drivers/STM32F4xx_HAL_Driver/Src/stm32f4xx_hal_uart.o
LOAD build/debug/startup_stm32f411xe.o
LOAD c:/users/jessejabezarendse/appdata/roaming/code/user/globalstorage/bmd.stm32-for-vscode/@xpack-dev-tools/arm-none-eabi-gcc/12.3.1-1.2.1/.content/bin/../lib/gcc/arm-none-eabi/12.3.1/../../../../arm-none-eabi/lib/thumb/v7e-m+fp/hard\libc_nano.a
LOAD c:/users/jessejabezarendse/appdata/roaming/code/user/globalstorage/bmd.stm32-for-vscode/@xpack-dev-tools/arm-none-eabi-gcc/12.3.1-1.2.1/.content/bin/../lib/gcc/arm-none-eabi/12.3.1/../../../../arm-none-eabi/lib/thumb/v7e-m+fp/hard\libm.a
LOAD c:/users/jessejabezarendse/appdata/roaming/code/user/globalstorage/bmd.stm32-for-vscode/@xpack-dev-tools/arm-none-eabi-gcc/12.3.1-1.2.1/.content/bin/../lib/gcc/arm-none-eabi/12.3.1/../../../../arm-none-eabi/lib/thumb/v7e-m+fp/hard\libnosys.a
START GROUP
LOAD c:/users/jessejabezarendse/appdata/roaming/code/user/globalstorage/bmd.stm32-for-vscode/@xpack-dev-tools/arm-none-eabi-gcc/12.3.1-1.2.1/.content/bin/../lib/gcc/arm-none-eabi/12.3.1/thumb/v7e-m+fp/hard\libgcc.a
LOAD c:/users/jessejabezarendse/appdata/roaming/code/user/globalstorage/bmd.stm32-for-vscode/@xpack-dev-tools/arm-none-eabi-gcc/12.3.1-1.2.1/.content/bin/../lib/gcc/arm-none-eabi/12.3.1/../../../../arm-none-eabi/lib/thumb/v7e-m+fp/hard\libc_nano.a
END GROUP
START GROUP
LOAD c:/users/jessejabezarendse/appdata/roaming/code/user/globalstorage/bmd.stm32-for-vscode/@xpack-dev-tools/arm-none-eabi-gcc/12.3.1-1.2.1/.content/bin/../lib/gcc/arm-none-eabi/12.3.1/thumb/v7e-m+fp/hard\libgcc.a
LOAD c:/users/jessejabezarendse/appdata/roaming/code/user/globalstorage/bmd.stm32-for-vscode/@xpack-dev-tools/arm-none-eabi-gcc/12.3.1-1.2.1/.content/bin/../lib/gcc/arm-none-eabi/12.3.1/../../../../arm-none-eabi/lib/thumb/v7e-m+fp/hard\libc_nano.a
END GROUP
LOAD c:/users/jessejabezarendse/appdata/roaming/code/user/globalstorage/bmd.stm32-for-vscode/@xpack-dev-tools/arm-none-eabi-gcc/12.3.1-1.2.1/.content/bin/../lib/gcc/arm-none-eabi/12.3.1/thumb/v7e-m+fp/hard/crtend.o
LOAD c:/users/jessejabezarendse/appdata/roaming/code/user/globalstorage/bmd.stm32-for-vscode/@xpack-dev-tools/arm-none-eabi-gcc/12.3.1-1.2.1/.content/bin/../lib/gcc/arm-none-eabi/12.3.1/thumb/v7e-m+fp/hard/crtn.o
                0x20020000                        _estack = (ORIGIN (RAM) + LENGTH (RAM))
                0x00000200                        _Min_Heap_Size = 0x200
                0x00000400                        _Min_Stack_Size = 0x400

.isr_vector     0x08000000      0x198
                0x08000000                        . = ALIGN (0x4)
 *(.isr_vector)
 .isr_vector    0x08000000      0x198 build/debug/startup_stm32f411xe.o
                0x08000000                g_pfnVectors
                0x08000198                        . = ALIGN (0x4)

.text           0x08000198     0x5cf8
                0x08000198                        . = ALIGN (0x4)
 *(.text)
 .text          0x08000198       0x30 c:/users/jessejabezarendse/appdata/roaming/code/user/globalstorage/bmd.stm32-for-vscode/@xpack-dev-tools/arm-none-eabi-gcc/12.3.1-1.2.1/.content/bin/../lib/gcc/arm-none-eabi/12.3.1/thumb/v7e-m+fp/hard\libgcc.a(_aeabi_uldivmod.o)
                0x08000198                __aeabi_uldivmod
 .text          0x080001c8        0x4 c:/users/jessejabezarendse/appdata/roaming/code/user/globalstorage/bmd.stm32-for-vscode/@xpack-dev-tools/arm-none-eabi-gcc/12.3.1-1.2.1/.content/bin/../lib/gcc/arm-none-eabi/12.3.1/thumb/v7e-m+fp/hard\libgcc.a(_dvmd_tls.o)
                0x080001c8                __aeabi_idiv0
                0x080001c8                __aeabi_ldiv0
 *(.text*)
 .text.__do_global_dtors_aux
                0x080001cc       0x24 c:/users/jessejabezarendse/appdata/roaming/code/user/globalstorage/bmd.stm32-for-vscode/@xpack-dev-tools/arm-none-eabi-gcc/12.3.1-1.2.1/.content/bin/../lib/gcc/arm-none-eabi/12.3.1/thumb/v7e-m+fp/hard/crtbegin.o
 .text.frame_dummy
                0x080001f0       0x1c c:/users/jessejabezarendse/appdata/roaming/code/user/globalstorage/bmd.stm32-for-vscode/@xpack-dev-tools/arm-none-eabi-gcc/12.3.1-1.2.1/.content/bin/../lib/gcc/arm-none-eabi/12.3.1/thumb/v7e-m+fp/hard/crtbegin.o
 .text.getTemperature
                0x0800020c       0x5c build/debug/Core/Src/IKS02A1_Simulink.o
                0x0800020c                getTemperature
 .text.bytesToFloat
                0x08000268       0x1a build/debug/Core/Src/IKS02A1_Simulink.o
                0x08000268                bytesToFloat
 .text.bytesToInt32
                0x08000282       0x18 build/debug/Core/Src/IKS02A1_Simulink.o
                0x08000282                bytesToInt32
 .text.initIKS02A1
                0x0800029a       0x1c build/debug/Core/Src/IKS02A1_Simulink.o
                0x0800029a                initIKS02A1
 *fill*         0x080002b6        0x2 
 .text.getIKS02A1
                0x080002b8       0x50 build/debug/Core/Src/IKS02A1_Simulink.o
                0x080002b8                getIKS02A1
 .text.sendToSimulink
                0x08000308      0x12c build/debug/Core/Src/IKS02A1_Simulink.o
                0x08000308                sendToSimulink
 .text.get_fastest_odr
                0x08000434       0x34 build/debug/Core/Src/IKS02A1_Simulink.o
                0x08000434                get_fastest_odr
 .text.calibrate_IKS02A1
                0x08000468       0x9c build/debug/Core/Src/IKS02A1_Simulink.o
                0x08000468                calibrate_IKS02A1
 .text.receivedFromSimulink
                0x08000504       0xa0 build/debug/Core/Src/IKS02A1_Simulink.o
                0x08000504                receivedFromSimulink
 .text.configureTimer
                0x080005a4       0x58 build/debug/Core/Src/main.o
                0x080005a4                configureTimer
 .text.initialCalibration
                0x080005fc       0x7c build/debug/Core/Src/main.o
                0x080005fc                initialCalibration
 .text.MX_DMA_Init
                0x08000678       0x34 build/debug/Core/Src/main.o
                0x08000678                MX_DMA_Init
 .text.MX_GPIO_Init
                0x080006ac      0x120 build/debug/Core/Src/main.o
                0x080006ac                MX_GPIO_Init
 .text.HAL_TIM_PeriodElapsedCallback
                0x080007cc       0x18 build/debug/Core/Src/main.o
                0x080007cc                HAL_TIM_PeriodElapsedCallback
 .text.Error_Handler
                0x080007e4        0x4 build/debug/Core/Src/main.o
                0x080007e4                Error_Handler
 .text.MX_TIM2_Init
                0x080007e8       0x68 build/debug/Core/Src/main.o
 .text.MX_USART2_UART_Init
                0x08000850       0x40 build/debug/Core/Src/main.o
 .text.SystemClock_Config
                0x08000890       0xa0 build/debug/Core/Src/main.o
                0x08000890                SystemClock_Config
 .text.main     0x08000930       0x44 build/debug/Core/Src/main.o
                0x08000930                main
 .text.HAL_MspInit
                0x08000974       0x40 build/debug/Core/Src/stm32f4xx_hal_msp.o
                0x08000974                HAL_MspInit
 .text.HAL_TIM_Base_MspInit
                0x080009b4       0x3c build/debug/Core/Src/stm32f4xx_hal_msp.o
                0x080009b4                HAL_TIM_Base_MspInit
 .text.HAL_UART_MspInit
                0x080009f0       0xa8 build/debug/Core/Src/stm32f4xx_hal_msp.o
                0x080009f0                HAL_UART_MspInit
 .text.HAL_InitTick
                0x08000a98       0x94 build/debug/Core/Src/stm32f4xx_hal_timebase_tim.o
                0x08000a98                HAL_InitTick
 .text.__NVIC_SystemReset
                0x08000b2c       0x24 build/debug/Core/Src/stm32f4xx_it.o
 .text.NMI_Handler
                0x08000b50        0x2 build/debug/Core/Src/stm32f4xx_it.o
                0x08000b50                NMI_Handler
 *fill*         0x08000b52        0x2 
 .text.HardFault_Handler
                0x08000b54       0x1c build/debug/Core/Src/stm32f4xx_it.o
                0x08000b54                HardFault_Handler
 .text.MemManage_Handler
                0x08000b70        0x2 build/debug/Core/Src/stm32f4xx_it.o
                0x08000b70                MemManage_Handler
 .text.BusFault_Handler
                0x08000b72        0x2 build/debug/Core/Src/stm32f4xx_it.o
                0x08000b72                BusFault_Handler
 .text.UsageFault_Handler
                0x08000b74        0x2 build/debug/Core/Src/stm32f4xx_it.o
                0x08000b74                UsageFault_Handler
 .text.SVC_Handler
                0x08000b76        0x2 build/debug/Core/Src/stm32f4xx_it.o
                0x08000b76                SVC_Handler
 .text.DebugMon_Handler
                0x08000b78        0x2 build/debug/Core/Src/stm32f4xx_it.o
                0x08000b78                DebugMon_Handler
 .text.PendSV_Handler
                0x08000b7a        0x2 build/debug/Core/Src/stm32f4xx_it.o
                0x08000b7a                PendSV_Handler
 .text.SysTick_Handler
                0x08000b7c        0x2 build/debug/Core/Src/stm32f4xx_it.o
                0x08000b7c                SysTick_Handler
 *fill*         0x08000b7e        0x2 
 .text.DMA1_Stream5_IRQHandler
                0x08000b80       0x10 build/debug/Core/Src/stm32f4xx_it.o
                0x08000b80                DMA1_Stream5_IRQHandler
 .text.TIM1_UP_TIM10_IRQHandler
                0x08000b90       0x10 build/debug/Core/Src/stm32f4xx_it.o
                0x08000b90                TIM1_UP_TIM10_IRQHandler
 .text.TIM2_IRQHandler
                0x08000ba0       0x38 build/debug/Core/Src/stm32f4xx_it.o
                0x08000ba0                TIM2_IRQHandler
 .text.EXTI15_10_IRQHandler
                0x08000bd8        0xc build/debug/Core/Src/stm32f4xx_it.o
                0x08000bd8                EXTI15_10_IRQHandler
 .text.I2C1_MspInit
                0x08000be4       0x80 build/debug/Core/Src/stm32f4xx_nucleo_bus.o
 .text.I2C1_MspDeInit
                0x08000c64       0x2c build/debug/Core/Src/stm32f4xx_nucleo_bus.o
 .text.BSP_I2C1_DeInit
                0x08000c90       0x38 build/debug/Core/Src/stm32f4xx_nucleo_bus.o
                0x08000c90                BSP_I2C1_DeInit
 .text.BSP_I2C1_WriteReg
                0x08000cc8       0x3c build/debug/Core/Src/stm32f4xx_nucleo_bus.o
                0x08000cc8                BSP_I2C1_WriteReg
 .text.BSP_I2C1_ReadReg
                0x08000d04       0x3c build/debug/Core/Src/stm32f4xx_nucleo_bus.o
                0x08000d04                BSP_I2C1_ReadReg
 .text.BSP_GetTick
                0x08000d40        0x8 build/debug/Core/Src/stm32f4xx_nucleo_bus.o
                0x08000d40                BSP_GetTick
 .text.MX_I2C1_Init
                0x08000d48       0x30 build/debug/Core/Src/stm32f4xx_nucleo_bus.o
                0x08000d48                MX_I2C1_Init
 .text.BSP_I2C1_Init
                0x08000d78       0x48 build/debug/Core/Src/stm32f4xx_nucleo_bus.o
                0x08000d78                BSP_I2C1_Init
 .text.SystemInit
                0x08000dc0       0x14 build/debug/Core/Src/system_stm32f4xx.o
                0x08000dc0                SystemInit
 .text.IIS2DLPC_GetCapabilities
                0x08000dd4       0x24 build/debug/Drivers/BSP/Components/iis2dlpc/iis2dlpc.o
                0x08000dd4                IIS2DLPC_GetCapabilities
 .text.IIS2DLPC_ACC_SetOutputDataRate_When_Disabled
                0x08000df8       0xdc build/debug/Drivers/BSP/Components/iis2dlpc/iis2dlpc.o
 .text.ReadRegWrap
                0x08000ed4        0xa build/debug/Drivers/BSP/Components/iis2dlpc/iis2dlpc.o
 .text.WriteRegWrap
                0x08000ede        0xa build/debug/Drivers/BSP/Components/iis2dlpc/iis2dlpc.o
 .text.IIS2DLPC_ACC_SetOutputDataRate_When_Enabled
                0x08000ee8      0x1a8 build/debug/Drivers/BSP/Components/iis2dlpc/iis2dlpc.o
 .text.IIS2DLPC_ACC_Enable
                0x08001090       0x30 build/debug/Drivers/BSP/Components/iis2dlpc/iis2dlpc.o
                0x08001090                IIS2DLPC_ACC_Enable
 .text.IIS2DLPC_ACC_Disable
                0x080010c0       0x24 build/debug/Drivers/BSP/Components/iis2dlpc/iis2dlpc.o
                0x080010c0                IIS2DLPC_ACC_Disable
 .text.IIS2DLPC_DeInit
                0x080010e4       0x24 build/debug/Drivers/BSP/Components/iis2dlpc/iis2dlpc.o
                0x080010e4                IIS2DLPC_DeInit
 .text.IIS2DLPC_Init
                0x08001108       0x80 build/debug/Drivers/BSP/Components/iis2dlpc/iis2dlpc.o
                0x08001108                IIS2DLPC_Init
 .text.IIS2DLPC_ACC_SetFullScale
                0x08001188       0x2c build/debug/Drivers/BSP/Components/iis2dlpc/iis2dlpc.o
                0x08001188                IIS2DLPC_ACC_SetFullScale
 .text.IIS2DLPC_ReadID
                0x080011b4       0x12 build/debug/Drivers/BSP/Components/iis2dlpc/iis2dlpc.o
                0x080011b4                IIS2DLPC_ReadID
 .text.IIS2DLPC_ACC_GetFullScale
                0x080011c6       0x4a build/debug/Drivers/BSP/Components/iis2dlpc/iis2dlpc.o
                0x080011c6                IIS2DLPC_ACC_GetFullScale
 .text.IIS2DLPC_ACC_GetSensitivity
                0x08001210       0xdc build/debug/Drivers/BSP/Components/iis2dlpc/iis2dlpc.o
                0x08001210                IIS2DLPC_ACC_GetSensitivity
 .text.IIS2DLPC_ACC_GetOutputDataRate
                0x080012ec      0x178 build/debug/Drivers/BSP/Components/iis2dlpc/iis2dlpc.o
                0x080012ec                IIS2DLPC_ACC_GetOutputDataRate
 .text.IIS2DLPC_ACC_GetAxesRaw
                0x08001464       0xbe build/debug/Drivers/BSP/Components/iis2dlpc/iis2dlpc.o
                0x08001464                IIS2DLPC_ACC_GetAxesRaw
 .text.IIS2DLPC_ACC_GetAxes
                0x08001522       0x7a build/debug/Drivers/BSP/Components/iis2dlpc/iis2dlpc.o
                0x08001522                IIS2DLPC_ACC_GetAxes
 .text.IIS2DLPC_ACC_SetOutputDataRate_With_Mode
                0x0800159c       0x16 build/debug/Drivers/BSP/Components/iis2dlpc/iis2dlpc.o
                0x0800159c                IIS2DLPC_ACC_SetOutputDataRate_With_Mode
 .text.IIS2DLPC_ACC_SetOutputDataRate
                0x080015b2        0xc build/debug/Drivers/BSP/Components/iis2dlpc/iis2dlpc.o
                0x080015b2                IIS2DLPC_ACC_SetOutputDataRate
 .text.IIS2DLPC_Write_Reg
                0x080015be       0x22 build/debug/Drivers/BSP/Components/iis2dlpc/iis2dlpc.o
                0x080015be                IIS2DLPC_Write_Reg
 .text.IIS2DLPC_RegisterBusIO
                0x080015e0       0x78 build/debug/Drivers/BSP/Components/iis2dlpc/iis2dlpc.o
                0x080015e0                IIS2DLPC_RegisterBusIO
 .text.iis2dlpc_read_reg
                0x08001658       0x12 build/debug/Drivers/BSP/Components/iis2dlpc/iis2dlpc_reg.o
                0x08001658                iis2dlpc_read_reg
 .text.iis2dlpc_write_reg
                0x0800166a       0x12 build/debug/Drivers/BSP/Components/iis2dlpc/iis2dlpc_reg.o
                0x0800166a                iis2dlpc_write_reg
 .text.iis2dlpc_from_lsb_to_celsius
                0x0800167c       0x20 build/debug/Drivers/BSP/Components/iis2dlpc/iis2dlpc_reg.o
                0x0800167c                iis2dlpc_from_lsb_to_celsius
 .text.iis2dlpc_power_mode_set
                0x0800169c       0x7a build/debug/Drivers/BSP/Components/iis2dlpc/iis2dlpc_reg.o
                0x0800169c                iis2dlpc_power_mode_set
 .text.iis2dlpc_power_mode_get
                0x08001716       0xd4 build/debug/Drivers/BSP/Components/iis2dlpc/iis2dlpc_reg.o
                0x08001716                iis2dlpc_power_mode_get
 .text.iis2dlpc_data_rate_set
                0x080017ea       0x6c build/debug/Drivers/BSP/Components/iis2dlpc/iis2dlpc_reg.o
                0x080017ea                iis2dlpc_data_rate_set
 .text.iis2dlpc_data_rate_get
                0x08001856       0xb0 build/debug/Drivers/BSP/Components/iis2dlpc/iis2dlpc_reg.o
                0x08001856                iis2dlpc_data_rate_get
 .text.iis2dlpc_block_data_update_set
                0x08001906       0x32 build/debug/Drivers/BSP/Components/iis2dlpc/iis2dlpc_reg.o
                0x08001906                iis2dlpc_block_data_update_set
 .text.iis2dlpc_full_scale_set
                0x08001938       0x32 build/debug/Drivers/BSP/Components/iis2dlpc/iis2dlpc_reg.o
                0x08001938                iis2dlpc_full_scale_set
 .text.iis2dlpc_full_scale_get
                0x0800196a       0x44 build/debug/Drivers/BSP/Components/iis2dlpc/iis2dlpc_reg.o
                0x0800196a                iis2dlpc_full_scale_get
 .text.iis2dlpc_acceleration_raw_get
                0x080019ae       0x44 build/debug/Drivers/BSP/Components/iis2dlpc/iis2dlpc_reg.o
                0x080019ae                iis2dlpc_acceleration_raw_get
 .text.iis2dlpc_device_id_get
                0x080019f2        0xe build/debug/Drivers/BSP/Components/iis2dlpc/iis2dlpc_reg.o
                0x080019f2                iis2dlpc_device_id_get
 .text.iis2dlpc_auto_increment_set
                0x08001a00       0x32 build/debug/Drivers/BSP/Components/iis2dlpc/iis2dlpc_reg.o
                0x08001a00                iis2dlpc_auto_increment_set
 .text.iis2dlpc_fifo_mode_set
                0x08001a32       0x32 build/debug/Drivers/BSP/Components/iis2dlpc/iis2dlpc_reg.o
                0x08001a32                iis2dlpc_fifo_mode_set
 .text.IIS2MDC_GetCapabilities
                0x08001a64       0x24 build/debug/Drivers/BSP/Components/iis2mdc/iis2mdc.o
                0x08001a64                IIS2MDC_GetCapabilities
 .text.IIS2MDC_MAG_GetSensitivity
                0x08001a88        0xa build/debug/Drivers/BSP/Components/iis2mdc/iis2mdc.o
                0x08001a88                IIS2MDC_MAG_GetSensitivity
 .text.IIS2MDC_MAG_GetFullScale
                0x08001a92        0x8 build/debug/Drivers/BSP/Components/iis2mdc/iis2mdc.o
                0x08001a92                IIS2MDC_MAG_GetFullScale
 .text.IIS2MDC_MAG_SetFullScale
                0x08001a9a        0x4 build/debug/Drivers/BSP/Components/iis2mdc/iis2mdc.o
                0x08001a9a                IIS2MDC_MAG_SetFullScale
 .text.ReadMagRegWrap
                0x08001a9e       0x1e build/debug/Drivers/BSP/Components/iis2mdc/iis2mdc.o
 .text.WriteMagRegWrap
                0x08001abc       0x1e build/debug/Drivers/BSP/Components/iis2mdc/iis2mdc.o
 .text.IIS2MDC_MAG_Enable
                0x08001ada       0x28 build/debug/Drivers/BSP/Components/iis2mdc/iis2mdc.o
                0x08001ada                IIS2MDC_MAG_Enable
 .text.IIS2MDC_MAG_Disable
                0x08001b02       0x24 build/debug/Drivers/BSP/Components/iis2mdc/iis2mdc.o
                0x08001b02                IIS2MDC_MAG_Disable
 .text.IIS2MDC_DeInit
                0x08001b26       0x16 build/debug/Drivers/BSP/Components/iis2mdc/iis2mdc.o
                0x08001b26                IIS2MDC_DeInit
 .text.IIS2MDC_MAG_SetOutputDataRate
                0x08001b3c       0x50 build/debug/Drivers/BSP/Components/iis2mdc/iis2mdc.o
                0x08001b3c                IIS2MDC_MAG_SetOutputDataRate
 .text.IIS2MDC_Init
                0x08001b8c       0x50 build/debug/Drivers/BSP/Components/iis2mdc/iis2mdc.o
                0x08001b8c                IIS2MDC_Init
 .text.IIS2MDC_ReadID
                0x08001bdc       0x12 build/debug/Drivers/BSP/Components/iis2mdc/iis2mdc.o
                0x08001bdc                IIS2MDC_ReadID
 *fill*         0x08001bee        0x2 
 .text.IIS2MDC_MAG_GetOutputDataRate
                0x08001bf0       0x58 build/debug/Drivers/BSP/Components/iis2mdc/iis2mdc.o
                0x08001bf0                IIS2MDC_MAG_GetOutputDataRate
 .text.IIS2MDC_MAG_GetAxesRaw
                0x08001c48       0x2c build/debug/Drivers/BSP/Components/iis2mdc/iis2mdc.o
                0x08001c48                IIS2MDC_MAG_GetAxesRaw
 .text.IIS2MDC_MAG_GetAxes
                0x08001c74       0x78 build/debug/Drivers/BSP/Components/iis2mdc/iis2mdc.o
                0x08001c74                IIS2MDC_MAG_GetAxes
 .text.IIS2MDC_RegisterBusIO
                0x08001cec       0x74 build/debug/Drivers/BSP/Components/iis2mdc/iis2mdc.o
                0x08001cec                IIS2MDC_RegisterBusIO
 .text.iis2mdc_read_reg
                0x08001d60       0x12 build/debug/Drivers/BSP/Components/iis2mdc/iis2mdc_reg.o
                0x08001d60                iis2mdc_read_reg
 .text.iis2mdc_write_reg
                0x08001d72       0x12 build/debug/Drivers/BSP/Components/iis2mdc/iis2mdc_reg.o
                0x08001d72                iis2mdc_write_reg
 .text.iis2mdc_operating_mode_set
                0x08001d84       0x32 build/debug/Drivers/BSP/Components/iis2mdc/iis2mdc_reg.o
                0x08001d84                iis2mdc_operating_mode_set
 .text.iis2mdc_data_rate_set
                0x08001db6       0x32 build/debug/Drivers/BSP/Components/iis2mdc/iis2mdc_reg.o
                0x08001db6                iis2mdc_data_rate_set
 .text.iis2mdc_data_rate_get
                0x08001de8       0x44 build/debug/Drivers/BSP/Components/iis2mdc/iis2mdc_reg.o
                0x08001de8                iis2mdc_data_rate_get
 .text.iis2mdc_block_data_update_set
                0x08001e2c       0x32 build/debug/Drivers/BSP/Components/iis2mdc/iis2mdc_reg.o
                0x08001e2c                iis2mdc_block_data_update_set
 .text.iis2mdc_magnetic_raw_get
                0x08001e5e       0x44 build/debug/Drivers/BSP/Components/iis2mdc/iis2mdc_reg.o
                0x08001e5e                iis2mdc_magnetic_raw_get
 .text.iis2mdc_device_id_get
                0x08001ea2        0xe build/debug/Drivers/BSP/Components/iis2mdc/iis2mdc_reg.o
                0x08001ea2                iis2mdc_device_id_get
 .text.iis2mdc_self_test_set
                0x08001eb0       0x32 build/debug/Drivers/BSP/Components/iis2mdc/iis2mdc_reg.o
                0x08001eb0                iis2mdc_self_test_set
 .text.iis2mdc_i2c_interface_set
                0x08001ee2       0x32 build/debug/Drivers/BSP/Components/iis2mdc/iis2mdc_reg.o
                0x08001ee2                iis2mdc_i2c_interface_set
 .text.ISM330DHCX_GetCapabilities
                0x08001f14       0x28 build/debug/Drivers/BSP/Components/ism330dhcx/ism330dhcx.o
                0x08001f14                ISM330DHCX_GetCapabilities
 .text.ISM330DHCX_ACC_SetOutputDataRate_When_Disabled
                0x08001f3c       0xc8 build/debug/Drivers/BSP/Components/ism330dhcx/ism330dhcx.o
 .text.ISM330DHCX_GYRO_SetOutputDataRate_When_Disabled
                0x08002004       0xc8 build/debug/Drivers/BSP/Components/ism330dhcx/ism330dhcx.o
 .text.ReadRegWrap
                0x080020cc        0xa build/debug/Drivers/BSP/Components/ism330dhcx/ism330dhcx.o
 .text.WriteRegWrap
                0x080020d6        0xa build/debug/Drivers/BSP/Components/ism330dhcx/ism330dhcx.o
 .text.ISM330DHCX_ACC_Enable
                0x080020e0       0x2a build/debug/Drivers/BSP/Components/ism330dhcx/ism330dhcx.o
                0x080020e0                ISM330DHCX_ACC_Enable
 *fill*         0x0800210a        0x2 
 .text.ISM330DHCX_ACC_SetOutputDataRate_When_Enabled
                0x0800210c       0xd4 build/debug/Drivers/BSP/Components/ism330dhcx/ism330dhcx.o
 .text.ISM330DHCX_ACC_SetOutputDataRate
                0x080021e0       0x16 build/debug/Drivers/BSP/Components/ism330dhcx/ism330dhcx.o
                0x080021e0                ISM330DHCX_ACC_SetOutputDataRate
 .text.ISM330DHCX_ACC_SetFullScale
                0x080021f6       0x2c build/debug/Drivers/BSP/Components/ism330dhcx/ism330dhcx.o
                0x080021f6                ISM330DHCX_ACC_SetFullScale
 .text.ISM330DHCX_GYRO_Enable
                0x08002222       0x2a build/debug/Drivers/BSP/Components/ism330dhcx/ism330dhcx.o
                0x08002222                ISM330DHCX_GYRO_Enable
 .text.ISM330DHCX_GYRO_SetOutputDataRate_When_Enabled
                0x0800224c       0xd4 build/debug/Drivers/BSP/Components/ism330dhcx/ism330dhcx.o
 .text.ISM330DHCX_GYRO_SetOutputDataRate
                0x08002320       0x16 build/debug/Drivers/BSP/Components/ism330dhcx/ism330dhcx.o
                0x08002320                ISM330DHCX_GYRO_SetOutputDataRate
 .text.ISM330DHCX_GYRO_SetFullScale
                0x08002336       0x42 build/debug/Drivers/BSP/Components/ism330dhcx/ism330dhcx.o
                0x08002336                ISM330DHCX_GYRO_SetFullScale
 .text.ISM330DHCX_ReadID
                0x08002378       0x12 build/debug/Drivers/BSP/Components/ism330dhcx/ism330dhcx.o
                0x08002378                ISM330DHCX_ReadID
 .text.ISM330DHCX_ACC_Disable
                0x0800238a       0x3a build/debug/Drivers/BSP/Components/ism330dhcx/ism330dhcx.o
                0x0800238a                ISM330DHCX_ACC_Disable
 .text.ISM330DHCX_ACC_GetOutputDataRate
                0x080023c4       0xb0 build/debug/Drivers/BSP/Components/ism330dhcx/ism330dhcx.o
                0x080023c4                ISM330DHCX_ACC_GetOutputDataRate
 .text.ISM330DHCX_ACC_GetSensitivity
                0x08002474       0x58 build/debug/Drivers/BSP/Components/ism330dhcx/ism330dhcx.o
                0x08002474                ISM330DHCX_ACC_GetSensitivity
 .text.ISM330DHCX_ACC_GetFullScale
                0x080024cc       0x48 build/debug/Drivers/BSP/Components/ism330dhcx/ism330dhcx.o
                0x080024cc                ISM330DHCX_ACC_GetFullScale
 .text.ISM330DHCX_ACC_GetAxesRaw
                0x08002514       0x2c build/debug/Drivers/BSP/Components/ism330dhcx/ism330dhcx.o
                0x08002514                ISM330DHCX_ACC_GetAxesRaw
 .text.ISM330DHCX_ACC_GetAxes
                0x08002540       0x7c build/debug/Drivers/BSP/Components/ism330dhcx/ism330dhcx.o
                0x08002540                ISM330DHCX_ACC_GetAxes
 .text.ISM330DHCX_GYRO_Disable
                0x080025bc       0x3a build/debug/Drivers/BSP/Components/ism330dhcx/ism330dhcx.o
                0x080025bc                ISM330DHCX_GYRO_Disable
 .text.ISM330DHCX_DeInit
                0x080025f6       0x2c build/debug/Drivers/BSP/Components/ism330dhcx/ism330dhcx.o
                0x080025f6                ISM330DHCX_DeInit
 *fill*         0x08002622        0x2 
 .text.ISM330DHCX_GYRO_GetOutputDataRate
                0x08002624       0xa4 build/debug/Drivers/BSP/Components/ism330dhcx/ism330dhcx.o
                0x08002624                ISM330DHCX_GYRO_GetOutputDataRate
 .text.ISM330DHCX_GYRO_GetSensitivity
                0x080026c8       0x78 build/debug/Drivers/BSP/Components/ism330dhcx/ism330dhcx.o
                0x080026c8                ISM330DHCX_GYRO_GetSensitivity
 .text.ISM330DHCX_GYRO_GetFullScale
                0x08002740       0x66 build/debug/Drivers/BSP/Components/ism330dhcx/ism330dhcx.o
                0x08002740                ISM330DHCX_GYRO_GetFullScale
 .text.ISM330DHCX_GYRO_GetAxesRaw
                0x080027a6       0x2c build/debug/Drivers/BSP/Components/ism330dhcx/ism330dhcx.o
                0x080027a6                ISM330DHCX_GYRO_GetAxesRaw
 .text.ISM330DHCX_GYRO_GetAxes
                0x080027d2       0x7c build/debug/Drivers/BSP/Components/ism330dhcx/ism330dhcx.o
                0x080027d2                ISM330DHCX_GYRO_GetAxes
 .text.ISM330DHCX_Write_Reg
                0x0800284e       0x22 build/debug/Drivers/BSP/Components/ism330dhcx/ism330dhcx.o
                0x0800284e                ISM330DHCX_Write_Reg
 .text.ISM330DHCX_RegisterBusIO
                0x08002870       0x78 build/debug/Drivers/BSP/Components/ism330dhcx/ism330dhcx.o
                0x08002870                ISM330DHCX_RegisterBusIO
 .text.ISM330DHCX_Set_Mem_Bank
                0x080028e8       0x1c build/debug/Drivers/BSP/Components/ism330dhcx/ism330dhcx.o
                0x080028e8                ISM330DHCX_Set_Mem_Bank
 .text.ISM330DHCX_Init
                0x08002904       0xcc build/debug/Drivers/BSP/Components/ism330dhcx/ism330dhcx.o
                0x08002904                ISM330DHCX_Init
 .text.ism330dhcx_read_reg
                0x080029d0       0x12 build/debug/Drivers/BSP/Components/ism330dhcx/ism330dhcx_reg.o
                0x080029d0                ism330dhcx_read_reg
 .text.ism330dhcx_write_reg
                0x080029e2       0x12 build/debug/Drivers/BSP/Components/ism330dhcx/ism330dhcx_reg.o
                0x080029e2                ism330dhcx_write_reg
 .text.ism330dhcx_xl_full_scale_set
                0x080029f4       0x32 build/debug/Drivers/BSP/Components/ism330dhcx/ism330dhcx_reg.o
                0x080029f4                ism330dhcx_xl_full_scale_set
 .text.ism330dhcx_xl_full_scale_get
                0x08002a26       0x44 build/debug/Drivers/BSP/Components/ism330dhcx/ism330dhcx_reg.o
                0x08002a26                ism330dhcx_xl_full_scale_get
 .text.ism330dhcx_xl_data_rate_get
                0x08002a6a       0x7a build/debug/Drivers/BSP/Components/ism330dhcx/ism330dhcx_reg.o
                0x08002a6a                ism330dhcx_xl_data_rate_get
 .text.ism330dhcx_gy_full_scale_set
                0x08002ae4       0x32 build/debug/Drivers/BSP/Components/ism330dhcx/ism330dhcx_reg.o
                0x08002ae4                ism330dhcx_gy_full_scale_set
 .text.ism330dhcx_gy_full_scale_get
                0x08002b16       0x5a build/debug/Drivers/BSP/Components/ism330dhcx/ism330dhcx_reg.o
                0x08002b16                ism330dhcx_gy_full_scale_get
 .text.ism330dhcx_gy_data_rate_get
                0x08002b70       0x74 build/debug/Drivers/BSP/Components/ism330dhcx/ism330dhcx_reg.o
                0x08002b70                ism330dhcx_gy_data_rate_get
 .text.ism330dhcx_block_data_update_set
                0x08002be4       0x32 build/debug/Drivers/BSP/Components/ism330dhcx/ism330dhcx_reg.o
                0x08002be4                ism330dhcx_block_data_update_set
 .text.ism330dhcx_angular_rate_raw_get
                0x08002c16       0x44 build/debug/Drivers/BSP/Components/ism330dhcx/ism330dhcx_reg.o
                0x08002c16                ism330dhcx_angular_rate_raw_get
 .text.ism330dhcx_acceleration_raw_get
                0x08002c5a       0x44 build/debug/Drivers/BSP/Components/ism330dhcx/ism330dhcx_reg.o
                0x08002c5a                ism330dhcx_acceleration_raw_get
 .text.ism330dhcx_device_conf_set
                0x08002c9e       0x32 build/debug/Drivers/BSP/Components/ism330dhcx/ism330dhcx_reg.o
                0x08002c9e                ism330dhcx_device_conf_set
 .text.ism330dhcx_mem_bank_set
                0x08002cd0       0x32 build/debug/Drivers/BSP/Components/ism330dhcx/ism330dhcx_reg.o
                0x08002cd0                ism330dhcx_mem_bank_set
 .text.ism330dhcx_device_id_get
                0x08002d02        0xe build/debug/Drivers/BSP/Components/ism330dhcx/ism330dhcx_reg.o
                0x08002d02                ism330dhcx_device_id_get
 .text.ism330dhcx_reset_set
                0x08002d10       0x32 build/debug/Drivers/BSP/Components/ism330dhcx/ism330dhcx_reg.o
                0x08002d10                ism330dhcx_reset_set
 .text.ism330dhcx_auto_increment_set
                0x08002d42       0x32 build/debug/Drivers/BSP/Components/ism330dhcx/ism330dhcx_reg.o
                0x08002d42                ism330dhcx_auto_increment_set
 .text.ism330dhcx_fifo_mode_set
                0x08002d74       0x32 build/debug/Drivers/BSP/Components/ism330dhcx/ism330dhcx_reg.o
                0x08002d74                ism330dhcx_fifo_mode_set
 .text.ism330dhcx_fsm_enable_get
                0x08002da6       0x44 build/debug/Drivers/BSP/Components/ism330dhcx/ism330dhcx_reg.o
                0x08002da6                ism330dhcx_fsm_enable_get
 .text.ism330dhcx_fsm_data_rate_get
                0x08002dea       0x5e build/debug/Drivers/BSP/Components/ism330dhcx/ism330dhcx_reg.o
                0x08002dea                ism330dhcx_fsm_data_rate_get
 .text.ism330dhcx_mlc_get
                0x08002e48       0x38 build/debug/Drivers/BSP/Components/ism330dhcx/ism330dhcx_reg.o
                0x08002e48                ism330dhcx_mlc_get
 .text.ism330dhcx_mlc_data_rate_get
                0x08002e80       0x5e build/debug/Drivers/BSP/Components/ism330dhcx/ism330dhcx_reg.o
                0x08002e80                ism330dhcx_mlc_data_rate_get
 .text.ism330dhcx_xl_data_rate_set
                0x08002ede      0x1ce build/debug/Drivers/BSP/Components/ism330dhcx/ism330dhcx_reg.o
                0x08002ede                ism330dhcx_xl_data_rate_set
 .text.ism330dhcx_gy_data_rate_set
                0x080030ac      0x1ce build/debug/Drivers/BSP/Components/ism330dhcx/ism330dhcx_reg.o
                0x080030ac                ism330dhcx_gy_data_rate_set
 *fill*         0x0800327a        0x2 
 .text.ISM330DHCX_0_Probe
                0x0800327c      0x130 build/debug/Drivers/BSP/IKS02A1/iks02a1_motion_sensors.o
 .text.IIS2DLPC_0_Probe
                0x080033ac      0x108 build/debug/Drivers/BSP/IKS02A1/iks02a1_motion_sensors.o
 .text.IIS2MDC_0_Probe
                0x080034b4      0x104 build/debug/Drivers/BSP/IKS02A1/iks02a1_motion_sensors.o
 .text.IKS02A1_MOTION_SENSOR_Init
                0x080035b8      0x180 build/debug/Drivers/BSP/IKS02A1/iks02a1_motion_sensors.o
                0x080035b8                IKS02A1_MOTION_SENSOR_Init
 .text.IKS02A1_MOTION_SENSOR_GetAxes
                0x08003738       0x58 build/debug/Drivers/BSP/IKS02A1/iks02a1_motion_sensors.o
                0x08003738                IKS02A1_MOTION_SENSOR_GetAxes
 .text.IKS02A1_MOTION_SENSOR_SetOutputDataRate
                0x08003790       0x54 build/debug/Drivers/BSP/IKS02A1/iks02a1_motion_sensors.o
                0x08003790                IKS02A1_MOTION_SENSOR_SetOutputDataRate
 .text.IKS02A1_MOTION_SENSOR_SetFullScale
                0x080037e4       0x58 build/debug/Drivers/BSP/IKS02A1/iks02a1_motion_sensors.o
                0x080037e4                IKS02A1_MOTION_SENSOR_SetFullScale
 .text.HAL_Init
                0x0800383c       0x34 build/debug/Drivers/STM32F4xx_HAL_Driver/Src/stm32f4xx_hal.o
                0x0800383c                HAL_Init
 .text.HAL_IncTick
                0x08003870       0x18 build/debug/Drivers/STM32F4xx_HAL_Driver/Src/stm32f4xx_hal.o
                0x08003870                HAL_IncTick
 .text.HAL_GetTick
                0x08003888        0xc build/debug/Drivers/STM32F4xx_HAL_Driver/Src/stm32f4xx_hal.o
                0x08003888                HAL_GetTick
 .text.HAL_Delay
                0x08003894       0x28 build/debug/Drivers/STM32F4xx_HAL_Driver/Src/stm32f4xx_hal.o
                0x08003894                HAL_Delay
 .text.__NVIC_EnableIRQ
                0x080038bc       0x1c build/debug/Drivers/STM32F4xx_HAL_Driver/Src/stm32f4xx_hal_cortex.o
 .text.__NVIC_SetPriority
                0x080038d8       0x28 build/debug/Drivers/STM32F4xx_HAL_Driver/Src/stm32f4xx_hal_cortex.o
 .text.NVIC_EncodePriority
                0x08003900       0x3e build/debug/Drivers/STM32F4xx_HAL_Driver/Src/stm32f4xx_hal_cortex.o
 *fill*         0x0800393e        0x2 
 .text.HAL_NVIC_SetPriorityGrouping
                0x08003940       0x24 build/debug/Drivers/STM32F4xx_HAL_Driver/Src/stm32f4xx_hal_cortex.o
                0x08003940                HAL_NVIC_SetPriorityGrouping
 .text.HAL_NVIC_SetPriority
                0x08003964       0x20 build/debug/Drivers/STM32F4xx_HAL_Driver/Src/stm32f4xx_hal_cortex.o
                0x08003964                HAL_NVIC_SetPriority
 .text.HAL_NVIC_EnableIRQ
                0x08003984        0x8 build/debug/Drivers/STM32F4xx_HAL_Driver/Src/stm32f4xx_hal_cortex.o
                0x08003984                HAL_NVIC_EnableIRQ
 .text.DMA_CalcBaseAndBitshift
                0x0800398c       0x44 build/debug/Drivers/STM32F4xx_HAL_Driver/Src/stm32f4xx_hal_dma.o
 .text.DMA_CheckFifoParam
                0x080039d0       0x8e build/debug/Drivers/STM32F4xx_HAL_Driver/Src/stm32f4xx_hal_dma.o
 *fill*         0x08003a5e        0x2 
 .text.HAL_DMA_Init
                0x08003a60       0xcc build/debug/Drivers/STM32F4xx_HAL_Driver/Src/stm32f4xx_hal_dma.o
                0x08003a60                HAL_DMA_Init
 .text.HAL_DMA_IRQHandler
                0x08003b2c      0x1dc build/debug/Drivers/STM32F4xx_HAL_Driver/Src/stm32f4xx_hal_dma.o
                0x08003b2c                HAL_DMA_IRQHandler
 .text.HAL_GPIO_Init
                0x08003d08      0x1c8 build/debug/Drivers/STM32F4xx_HAL_Driver/Src/stm32f4xx_hal_gpio.o
                0x08003d08                HAL_GPIO_Init
 .text.HAL_GPIO_DeInit
                0x08003ed0      0x110 build/debug/Drivers/STM32F4xx_HAL_Driver/Src/stm32f4xx_hal_gpio.o
                0x08003ed0                HAL_GPIO_DeInit
 .text.HAL_GPIO_WritePin
                0x08003fe0        0xc build/debug/Drivers/STM32F4xx_HAL_Driver/Src/stm32f4xx_hal_gpio.o
                0x08003fe0                HAL_GPIO_WritePin
 .text.HAL_GPIO_TogglePin
                0x08003fec       0x12 build/debug/Drivers/STM32F4xx_HAL_Driver/Src/stm32f4xx_hal_gpio.o
                0x08003fec                HAL_GPIO_TogglePin
 .text.HAL_GPIO_EXTI_Callback
                0x08003ffe        0x2 build/debug/Drivers/STM32F4xx_HAL_Driver/Src/stm32f4xx_hal_gpio.o
                0x08003ffe                HAL_GPIO_EXTI_Callback
 .text.HAL_GPIO_EXTI_IRQHandler
                0x08004000       0x1c build/debug/Drivers/STM32F4xx_HAL_Driver/Src/stm32f4xx_hal_gpio.o
                0x08004000                HAL_GPIO_EXTI_IRQHandler
 .text.I2C_IsAcknowledgeFailed
                0x0800401c       0x32 build/debug/Drivers/STM32F4xx_HAL_Driver/Src/stm32f4xx_hal_i2c.o
 .text.I2C_WaitOnFlagUntilTimeout
                0x0800404e       0xaa build/debug/Drivers/STM32F4xx_HAL_Driver/Src/stm32f4xx_hal_i2c.o
 .text.I2C_WaitOnMasterAddressFlagUntilTimeout
                0x080040f8       0xd6 build/debug/Drivers/STM32F4xx_HAL_Driver/Src/stm32f4xx_hal_i2c.o
 .text.I2C_WaitOnTXEFlagUntilTimeout
                0x080041ce       0x5e build/debug/Drivers/STM32F4xx_HAL_Driver/Src/stm32f4xx_hal_i2c.o
 .text.I2C_RequestMemoryWrite
                0x0800422c       0xd8 build/debug/Drivers/STM32F4xx_HAL_Driver/Src/stm32f4xx_hal_i2c.o
 .text.I2C_RequestMemoryRead
                0x08004304      0x154 build/debug/Drivers/STM32F4xx_HAL_Driver/Src/stm32f4xx_hal_i2c.o
 .text.I2C_WaitOnBTFFlagUntilTimeout
                0x08004458       0x5e build/debug/Drivers/STM32F4xx_HAL_Driver/Src/stm32f4xx_hal_i2c.o
 .text.I2C_WaitOnRXNEFlagUntilTimeout
                0x080044b6       0x78 build/debug/Drivers/STM32F4xx_HAL_Driver/Src/stm32f4xx_hal_i2c.o
 .text.HAL_I2C_MspInit
                0x0800452e        0x2 build/debug/Drivers/STM32F4xx_HAL_Driver/Src/stm32f4xx_hal_i2c.o
                0x0800452e                HAL_I2C_MspInit
 .text.HAL_I2C_Init
                0x08004530      0x1bc build/debug/Drivers/STM32F4xx_HAL_Driver/Src/stm32f4xx_hal_i2c.o
                0x08004530                HAL_I2C_Init
 .text.HAL_I2C_MspDeInit
                0x080046ec        0x2 build/debug/Drivers/STM32F4xx_HAL_Driver/Src/stm32f4xx_hal_i2c.o
                0x080046ec                HAL_I2C_MspDeInit
 .text.HAL_I2C_DeInit
                0x080046ee       0x32 build/debug/Drivers/STM32F4xx_HAL_Driver/Src/stm32f4xx_hal_i2c.o
                0x080046ee                HAL_I2C_DeInit
 .text.HAL_I2C_Mem_Write
                0x08004720      0x164 build/debug/Drivers/STM32F4xx_HAL_Driver/Src/stm32f4xx_hal_i2c.o
                0x08004720                HAL_I2C_Mem_Write
 .text.HAL_I2C_Mem_Read
                0x08004884      0x2f8 build/debug/Drivers/STM32F4xx_HAL_Driver/Src/stm32f4xx_hal_i2c.o
                0x08004884                HAL_I2C_Mem_Read
 .text.HAL_I2C_GetState
                0x08004b7c        0x6 build/debug/Drivers/STM32F4xx_HAL_Driver/Src/stm32f4xx_hal_i2c.o
                0x08004b7c                HAL_I2C_GetState
 .text.HAL_I2C_GetError
                0x08004b82        0x4 build/debug/Drivers/STM32F4xx_HAL_Driver/Src/stm32f4xx_hal_i2c.o
                0x08004b82                HAL_I2C_GetError
 *fill*         0x08004b86        0x2 
 .text.HAL_RCC_OscConfig
                0x08004b88      0x3f8 build/debug/Drivers/STM32F4xx_HAL_Driver/Src/stm32f4xx_hal_rcc.o
                0x08004b88                HAL_RCC_OscConfig
 .text.HAL_RCC_GetSysClockFreq
                0x08004f80       0xdc build/debug/Drivers/STM32F4xx_HAL_Driver/Src/stm32f4xx_hal_rcc.o
                0x08004f80                HAL_RCC_GetSysClockFreq
 .text.HAL_RCC_ClockConfig
                0x0800505c      0x160 build/debug/Drivers/STM32F4xx_HAL_Driver/Src/stm32f4xx_hal_rcc.o
                0x0800505c                HAL_RCC_ClockConfig
 .text.HAL_RCC_GetHCLKFreq
                0x080051bc        0xc build/debug/Drivers/STM32F4xx_HAL_Driver/Src/stm32f4xx_hal_rcc.o
                0x080051bc                HAL_RCC_GetHCLKFreq
 .text.HAL_RCC_GetPCLK1Freq
                0x080051c8       0x20 build/debug/Drivers/STM32F4xx_HAL_Driver/Src/stm32f4xx_hal_rcc.o
                0x080051c8                HAL_RCC_GetPCLK1Freq
 .text.HAL_RCC_GetPCLK2Freq
                0x080051e8       0x20 build/debug/Drivers/STM32F4xx_HAL_Driver/Src/stm32f4xx_hal_rcc.o
                0x080051e8                HAL_RCC_GetPCLK2Freq
 .text.HAL_RCC_GetClockConfig
                0x08005208       0x3c build/debug/Drivers/STM32F4xx_HAL_Driver/Src/stm32f4xx_hal_rcc.o
                0x08005208                HAL_RCC_GetClockConfig
 .text.TIM_TI1_ConfigInputStage
                0x08005244       0x26 build/debug/Drivers/STM32F4xx_HAL_Driver/Src/stm32f4xx_hal_tim.o
 .text.TIM_TI2_ConfigInputStage
                0x0800526a       0x28 build/debug/Drivers/STM32F4xx_HAL_Driver/Src/stm32f4xx_hal_tim.o
 .text.TIM_ITRx_SetConfig
                0x08005292       0x10 build/debug/Drivers/STM32F4xx_HAL_Driver/Src/stm32f4xx_hal_tim.o
 *fill*         0x080052a2        0x2 
 .text.HAL_TIM_Base_Start_IT
                0x080052a4       0x78 build/debug/Drivers/STM32F4xx_HAL_Driver/Src/stm32f4xx_hal_tim.o
                0x080052a4                HAL_TIM_Base_Start_IT
 .text.HAL_TIM_OC_DelayElapsedCallback
                0x0800531c        0x2 build/debug/Drivers/STM32F4xx_HAL_Driver/Src/stm32f4xx_hal_tim.o
                0x0800531c                HAL_TIM_OC_DelayElapsedCallback
 .text.HAL_TIM_IC_CaptureCallback
                0x0800531e        0x2 build/debug/Drivers/STM32F4xx_HAL_Driver/Src/stm32f4xx_hal_tim.o
                0x0800531e                HAL_TIM_IC_CaptureCallback
 .text.HAL_TIM_PWM_PulseFinishedCallback
                0x08005320        0x2 build/debug/Drivers/STM32F4xx_HAL_Driver/Src/stm32f4xx_hal_tim.o
                0x08005320                HAL_TIM_PWM_PulseFinishedCallback
 .text.HAL_TIM_TriggerCallback
                0x08005322        0x2 build/debug/Drivers/STM32F4xx_HAL_Driver/Src/stm32f4xx_hal_tim.o
                0x08005322                HAL_TIM_TriggerCallback
 .text.HAL_TIM_IRQHandler
                0x08005324      0x15e build/debug/Drivers/STM32F4xx_HAL_Driver/Src/stm32f4xx_hal_tim.o
                0x08005324                HAL_TIM_IRQHandler
 *fill*         0x08005482        0x2 
 .text.TIM_Base_SetConfig
                0x08005484       0xac build/debug/Drivers/STM32F4xx_HAL_Driver/Src/stm32f4xx_hal_tim.o
                0x08005484                TIM_Base_SetConfig
 .text.HAL_TIM_Base_Init
                0x08005530       0x58 build/debug/Drivers/STM32F4xx_HAL_Driver/Src/stm32f4xx_hal_tim.o
                0x08005530                HAL_TIM_Base_Init
 .text.TIM_ETR_SetConfig
                0x08005588       0x1a build/debug/Drivers/STM32F4xx_HAL_Driver/Src/stm32f4xx_hal_tim.o
                0x08005588                TIM_ETR_SetConfig
 .text.HAL_TIM_ConfigClockSource
                0x080055a2       0xfe build/debug/Drivers/STM32F4xx_HAL_Driver/Src/stm32f4xx_hal_tim.o
                0x080055a2                HAL_TIM_ConfigClockSource
 .text.HAL_TIMEx_MasterConfigSynchronization
                0x080056a0       0x7c build/debug/Drivers/STM32F4xx_HAL_Driver/Src/stm32f4xx_hal_tim_ex.o
                0x080056a0                HAL_TIMEx_MasterConfigSynchronization
 .text.HAL_TIMEx_CommutCallback
                0x0800571c        0x2 build/debug/Drivers/STM32F4xx_HAL_Driver/Src/stm32f4xx_hal_tim_ex.o
                0x0800571c                HAL_TIMEx_CommutCallback
 .text.HAL_TIMEx_BreakCallback
                0x0800571e        0x2 build/debug/Drivers/STM32F4xx_HAL_Driver/Src/stm32f4xx_hal_tim_ex.o
                0x0800571e                HAL_TIMEx_BreakCallback
 .text.UART_EndRxTransfer
                0x08005720       0x5c build/debug/Drivers/STM32F4xx_HAL_Driver/Src/stm32f4xx_hal_uart.o
 .text.UART_SetConfig
                0x0800577c      0x110 build/debug/Drivers/STM32F4xx_HAL_Driver/Src/stm32f4xx_hal_uart.o
 .text.UART_WaitOnFlagUntilTimeout
                0x0800588c       0x86 build/debug/Drivers/STM32F4xx_HAL_Driver/Src/stm32f4xx_hal_uart.o
 .text.HAL_UART_Init
                0x08005912       0x60 build/debug/Drivers/STM32F4xx_HAL_Driver/Src/stm32f4xx_hal_uart.o
                0x08005912                HAL_UART_Init
 .text.HAL_UART_Transmit
                0x08005972       0xcc build/debug/Drivers/STM32F4xx_HAL_Driver/Src/stm32f4xx_hal_uart.o
                0x08005972                HAL_UART_Transmit
 .text.HAL_UART_Receive
                0x08005a3e       0xd2 build/debug/Drivers/STM32F4xx_HAL_Driver/Src/stm32f4xx_hal_uart.o
                0x08005a3e                HAL_UART_Receive
 .text.Reset_Handler
                0x08005b10       0x50 build/debug/startup_stm32f411xe.o
                0x08005b10                Reset_Handler
 .text.Default_Handler
                0x08005b60        0x2 build/debug/startup_stm32f411xe.o
                0x08005b60                RTC_Alarm_IRQHandler
                0x08005b60                EXTI2_IRQHandler
                0x08005b60                SPI4_IRQHandler
                0x08005b60                TIM1_CC_IRQHandler
                0x08005b60                DMA2_Stream5_IRQHandler
                0x08005b60                PVD_IRQHandler
                0x08005b60                SDIO_IRQHandler
                0x08005b60                TAMP_STAMP_IRQHandler
                0x08005b60                EXTI3_IRQHandler
                0x08005b60                I2C3_ER_IRQHandler
                0x08005b60                EXTI0_IRQHandler
                0x08005b60                I2C2_EV_IRQHandler
                0x08005b60                DMA1_Stream2_IRQHandler
                0x08005b60                FPU_IRQHandler
                0x08005b60                DMA2_Stream2_IRQHandler
                0x08005b60                SPI1_IRQHandler
                0x08005b60                TIM1_BRK_TIM9_IRQHandler
                0x08005b60                DMA2_Stream3_IRQHandler
                0x08005b60                USART6_IRQHandler
                0x08005b60                DMA2_Stream0_IRQHandler
                0x08005b60                TIM4_IRQHandler
                0x08005b60                I2C1_EV_IRQHandler
                0x08005b60                DMA1_Stream6_IRQHandler
                0x08005b60                DMA1_Stream1_IRQHandler
                0x08005b60                TIM3_IRQHandler
                0x08005b60                RCC_IRQHandler
                0x08005b60                Default_Handler
                0x08005b60                ADC_IRQHandler
                0x08005b60                DMA1_Stream7_IRQHandler
                0x08005b60                SPI5_IRQHandler
                0x08005b60                TIM5_IRQHandler
                0x08005b60                DMA2_Stream7_IRQHandler
                0x08005b60                I2C3_EV_IRQHandler
                0x08005b60                EXTI9_5_IRQHandler
                0x08005b60                RTC_WKUP_IRQHandler
                0x08005b60                SPI2_IRQHandler
                0x08005b60                DMA1_Stream0_IRQHandler
                0x08005b60                EXTI4_IRQHandler
                0x08005b60                WWDG_IRQHandler
                0x08005b60                OTG_FS_WKUP_IRQHandler
                0x08005b60                TIM1_TRG_COM_TIM11_IRQHandler
                0x08005b60                EXTI1_IRQHandler
                0x08005b60                USART2_IRQHandler
                0x08005b60                I2C2_ER_IRQHandler
                0x08005b60                DMA2_Stream1_IRQHandler
                0x08005b60                FLASH_IRQHandler
                0x08005b60                DMA2_Stream4_IRQHandler
                0x08005b60                USART1_IRQHandler
                0x08005b60                OTG_FS_IRQHandler
                0x08005b60                SPI3_IRQHandler
                0x08005b60                DMA1_Stream4_IRQHandler
                0x08005b60                I2C1_ER_IRQHandler
                0x08005b60                DMA2_Stream6_IRQHandler
                0x08005b60                DMA1_Stream3_IRQHandler
 .text.memset   0x08005b62       0x10 c:/users/jessejabezarendse/appdata/roaming/code/user/globalstorage/bmd.stm32-for-vscode/@xpack-dev-tools/arm-none-eabi-gcc/12.3.1-1.2.1/.content/bin/../lib/gcc/arm-none-eabi/12.3.1/../../../../arm-none-eabi/lib/thumb/v7e-m+fp/hard\libc_nano.a(libc_a-memset.o)
                0x08005b62                memset
 *fill*         0x08005b72        0x2 
 .text.__libc_init_array
                0x08005b74       0x48 c:/users/jessejabezarendse/appdata/roaming/code/user/globalstorage/bmd.stm32-for-vscode/@xpack-dev-tools/arm-none-eabi-gcc/12.3.1-1.2.1/.content/bin/../lib/gcc/arm-none-eabi/12.3.1/../../../../arm-none-eabi/lib/thumb/v7e-m+fp/hard\libc_nano.a(libc_a-init.o)
                0x08005b74                __libc_init_array
 .text.__udivmoddi4
                0x08005bbc      0x2bc c:/users/jessejabezarendse/appdata/roaming/code/user/globalstorage/bmd.stm32-for-vscode/@xpack-dev-tools/arm-none-eabi-gcc/12.3.1-1.2.1/.content/bin/../lib/gcc/arm-none-eabi/12.3.1/thumb/v7e-m+fp/hard\libgcc.a(_udivmoddi4.o)
                0x08005bbc                __udivmoddi4
 *(.glue_7)
 .glue_7        0x08005e78        0x0 linker stubs
 *(.glue_7t)
 .glue_7t       0x08005e78        0x0 linker stubs
 *(.eh_frame)
 .eh_frame      0x08005e78        0x0 c:/users/jessejabezarendse/appdata/roaming/code/user/globalstorage/bmd.stm32-for-vscode/@xpack-dev-tools/arm-none-eabi-gcc/12.3.1-1.2.1/.content/bin/../lib/gcc/arm-none-eabi/12.3.1/thumb/v7e-m+fp/hard/crtbegin.o
 *(.init)
 .init          0x08005e78        0x4 c:/users/jessejabezarendse/appdata/roaming/code/user/globalstorage/bmd.stm32-for-vscode/@xpack-dev-tools/arm-none-eabi-gcc/12.3.1-1.2.1/.content/bin/../lib/gcc/arm-none-eabi/12.3.1/thumb/v7e-m+fp/hard/crti.o
                0x08005e78                _init
 .init          0x08005e7c        0x8 c:/users/jessejabezarendse/appdata/roaming/code/user/globalstorage/bmd.stm32-for-vscode/@xpack-dev-tools/arm-none-eabi-gcc/12.3.1-1.2.1/.content/bin/../lib/gcc/arm-none-eabi/12.3.1/thumb/v7e-m+fp/hard/crtn.o
 *(.fini)
 .fini          0x08005e84        0x4 c:/users/jessejabezarendse/appdata/roaming/code/user/globalstorage/bmd.stm32-for-vscode/@xpack-dev-tools/arm-none-eabi-gcc/12.3.1-1.2.1/.content/bin/../lib/gcc/arm-none-eabi/12.3.1/thumb/v7e-m+fp/hard/crti.o
                0x08005e84                _fini
 .fini          0x08005e88        0x8 c:/users/jessejabezarendse/appdata/roaming/code/user/globalstorage/bmd.stm32-for-vscode/@xpack-dev-tools/arm-none-eabi-gcc/12.3.1-1.2.1/.content/bin/../lib/gcc/arm-none-eabi/12.3.1/thumb/v7e-m+fp/hard/crtn.o
                0x08005e90                        . = ALIGN (0x4)
                0x08005e90                        _etext = .

.vfp11_veneer   0x08005e90        0x0
 .vfp11_veneer  0x08005e90        0x0 linker stubs

.v4_bx          0x08005e90        0x0
 .v4_bx         0x08005e90        0x0 linker stubs

.iplt           0x08005e90        0x0
 .iplt          0x08005e90        0x0 c:/users/jessejabezarendse/appdata/roaming/code/user/globalstorage/bmd.stm32-for-vscode/@xpack-dev-tools/arm-none-eabi-gcc/12.3.1-1.2.1/.content/bin/../lib/gcc/arm-none-eabi/12.3.1/thumb/v7e-m+fp/hard/crtbegin.o

.rodata         0x08005e90       0x44
                0x08005e90                        . = ALIGN (0x4)
 *(.rodata)
 *(.rodata*)
 .rodata.APBPrescTable
                0x08005e90        0x8 build/debug/Core/Src/system_stm32f4xx.o
                0x08005e90                APBPrescTable
 .rodata.AHBPrescTable
                0x08005e98       0x10 build/debug/Core/Src/system_stm32f4xx.o
                0x08005e98                AHBPrescTable
 .rodata.FunctionIndex
                0x08005ea8       0x24 build/debug/Drivers/BSP/IKS02A1/iks02a1_motion_sensors.o
 .rodata.flagBitshiftOffset.0
                0x08005ecc        0x8 build/debug/Drivers/STM32F4xx_HAL_Driver/Src/stm32f4xx_hal_dma.o
                0x08005ed4                        . = ALIGN (0x4)

.ARM.extab
 *(.ARM.extab* .gnu.linkonce.armextab.*)

.ARM            0x08005ed4        0x8
                0x08005ed4                        __exidx_start = .
 *(.ARM.exidx*)
 .ARM.exidx.text.__udivmoddi4
                0x08005ed4        0x8 c:/users/jessejabezarendse/appdata/roaming/code/user/globalstorage/bmd.stm32-for-vscode/@xpack-dev-tools/arm-none-eabi-gcc/12.3.1-1.2.1/.content/bin/../lib/gcc/arm-none-eabi/12.3.1/thumb/v7e-m+fp/hard\libgcc.a(_udivmoddi4.o)
                0x08005edc                        __exidx_end = .

.rel.dyn        0x08005edc        0x0
 .rel.iplt      0x08005edc        0x0 c:/users/jessejabezarendse/appdata/roaming/code/user/globalstorage/bmd.stm32-for-vscode/@xpack-dev-tools/arm-none-eabi-gcc/12.3.1-1.2.1/.content/bin/../lib/gcc/arm-none-eabi/12.3.1/thumb/v7e-m+fp/hard/crtbegin.o

.preinit_array  0x08005edc        0x0
                0x08005edc                        PROVIDE (__preinit_array_start = .)
 *(.preinit_array*)
                0x08005edc                        PROVIDE (__preinit_array_end = .)

.init_array     0x08005edc        0x4
                0x08005edc                        PROVIDE (__init_array_start = .)
 *(SORT_BY_NAME(.init_array.*))
 *(.init_array*)
 .init_array    0x08005edc        0x4 c:/users/jessejabezarendse/appdata/roaming/code/user/globalstorage/bmd.stm32-for-vscode/@xpack-dev-tools/arm-none-eabi-gcc/12.3.1-1.2.1/.content/bin/../lib/gcc/arm-none-eabi/12.3.1/thumb/v7e-m+fp/hard/crtbegin.o
                0x08005ee0                        PROVIDE (__init_array_end = .)

.fini_array     0x08005ee0        0x4
                0x08005ee0                        PROVIDE (__fini_array_start = .)
 *(SORT_BY_NAME(.fini_array.*))
 *(.fini_array*)
 .fini_array    0x08005ee0        0x4 c:/users/jessejabezarendse/appdata/roaming/code/user/globalstorage/bmd.stm32-for-vscode/@xpack-dev-tools/arm-none-eabi-gcc/12.3.1-1.2.1/.content/bin/../lib/gcc/arm-none-eabi/12.3.1/thumb/v7e-m+fp/hard/crtbegin.o
                0x08005ee4                        PROVIDE (__fini_array_end = .)
                0x08005ee4                        _sidata = LOADADDR (.data)

.data           0x20000000       0xd4 load address 0x08005ee4
                0x20000000                        . = ALIGN (0x4)
                0x20000000                        _sdata = .
 *(.data)
 *(.data*)
 .data.terminator
                0x20000000        0x4 build/debug/Core/Src/IKS02A1_Simulink.o
                0x20000000                terminator
 .data.header   0x20000004        0x4 build/debug/Core/Src/IKS02A1_Simulink.o
                0x20000004                header
 .data.SystemCoreClock
                0x20000008        0x4 build/debug/Core/Src/system_stm32f4xx.o
                0x20000008                SystemCoreClock
 .data.IIS2DLPC_ACC_Driver
                0x2000000c       0x24 build/debug/Drivers/BSP/Components/iis2dlpc/iis2dlpc.o
                0x2000000c                IIS2DLPC_ACC_Driver
 .data.IIS2DLPC_COMMON_Driver
                0x20000030       0x10 build/debug/Drivers/BSP/Components/iis2dlpc/iis2dlpc.o
                0x20000030                IIS2DLPC_COMMON_Driver
 .data.IIS2MDC_MAG_Driver
                0x20000040       0x24 build/debug/Drivers/BSP/Components/iis2mdc/iis2mdc.o
                0x20000040                IIS2MDC_MAG_Driver
 .data.IIS2MDC_COMMON_Driver
                0x20000064       0x10 build/debug/Drivers/BSP/Components/iis2mdc/iis2mdc.o
                0x20000064                IIS2MDC_COMMON_Driver
 .data.ISM330DHCX_GYRO_Driver
                0x20000074       0x24 build/debug/Drivers/BSP/Components/ism330dhcx/ism330dhcx.o
                0x20000074                ISM330DHCX_GYRO_Driver
 .data.ISM330DHCX_ACC_Driver
                0x20000098       0x24 build/debug/Drivers/BSP/Components/ism330dhcx/ism330dhcx.o
                0x20000098                ISM330DHCX_ACC_Driver
 .data.ISM330DHCX_COMMON_Driver
                0x200000bc       0x10 build/debug/Drivers/BSP/Components/ism330dhcx/ism330dhcx.o
                0x200000bc                ISM330DHCX_COMMON_Driver
 .data.uwTickFreq
                0x200000cc        0x1 build/debug/Drivers/STM32F4xx_HAL_Driver/Src/stm32f4xx_hal.o
                0x200000cc                uwTickFreq
 *fill*         0x200000cd        0x3 
 .data.uwTickPrio
                0x200000d0        0x4 build/debug/Drivers/STM32F4xx_HAL_Driver/Src/stm32f4xx_hal.o
                0x200000d0                uwTickPrio
                0x200000d4                        . = ALIGN (0x4)
                0x200000d4                        _edata = .

.igot.plt       0x200000d4        0x0 load address 0x08005fb8
 .igot.plt      0x200000d4        0x0 c:/users/jessejabezarendse/appdata/roaming/code/user/globalstorage/bmd.stm32-for-vscode/@xpack-dev-tools/arm-none-eabi-gcc/12.3.1-1.2.1/.content/bin/../lib/gcc/arm-none-eabi/12.3.1/thumb/v7e-m+fp/hard/crtbegin.o
                0x200000d4                        . = ALIGN (0x4)

.bss            0x200000d4      0x324 load address 0x08005fb8
                0x200000d4                        _sbss = .
                0x200000d4                        __bss_start__ = _sbss
 *(.bss)
 *(.bss*)
 .bss.completed.1
                0x200000d4        0x1 c:/users/jessejabezarendse/appdata/roaming/code/user/globalstorage/bmd.stm32-for-vscode/@xpack-dev-tools/arm-none-eabi-gcc/12.3.1-1.2.1/.content/bin/../lib/gcc/arm-none-eabi/12.3.1/thumb/v7e-m+fp/hard/crtbegin.o
 *fill*         0x200000d5        0x3 
 .bss.object.0  0x200000d8       0x18 c:/users/jessejabezarendse/appdata/roaming/code/user/globalstorage/bmd.stm32-for-vscode/@xpack-dev-tools/arm-none-eabi-gcc/12.3.1-1.2.1/.content/bin/../lib/gcc/arm-none-eabi/12.3.1/thumb/v7e-m+fp/hard/crtbegin.o
 .bss.temperature
                0x200000f0        0x4 build/debug/Core/Src/IKS02A1_Simulink.o
                0x200000f0                temperature
 .bss.temperature_raw_h
                0x200000f4        0x1 build/debug/Core/Src/IKS02A1_Simulink.o
                0x200000f4                temperature_raw_h
 .bss.temperature_raw_l
                0x200000f5        0x1 build/debug/Core/Src/IKS02A1_Simulink.o
                0x200000f5                temperature_raw_l
 *fill*         0x200000f6        0x2 
 .bss.fastestODR
                0x200000f8        0x4 build/debug/Core/Src/IKS02A1_Simulink.o
                0x200000f8                fastestODR
 .bss.mag_odr   0x200000fc        0x4 build/debug/Core/Src/IKS02A1_Simulink.o
                0x200000fc                mag_odr
 .bss.accel2_odr
                0x20000100        0x4 build/debug/Core/Src/IKS02A1_Simulink.o
                0x20000100                accel2_odr
 .bss.accel2_fsr
                0x20000104        0x4 build/debug/Core/Src/IKS02A1_Simulink.o
                0x20000104                accel2_fsr
 .bss.gyro_odr  0x20000108        0x4 build/debug/Core/Src/IKS02A1_Simulink.o
                0x20000108                gyro_odr
 .bss.gyro_fsr  0x2000010c        0x4 build/debug/Core/Src/IKS02A1_Simulink.o
                0x2000010c                gyro_fsr
 .bss.accel1_odr
                0x20000110        0x4 build/debug/Core/Src/IKS02A1_Simulink.o
                0x20000110                accel1_odr
 .bss.accel1_fsr
                0x20000114        0x4 build/debug/Core/Src/IKS02A1_Simulink.o
                0x20000114                accel1_fsr
 .bss.counter   0x20000118        0x4 build/debug/Core/Src/main.o
                0x20000118                counter
 .bss.calibrated
                0x2000011c        0x1 build/debug/Core/Src/main.o
                0x2000011c                calibrated
 .bss.clearToSend
                0x2000011d        0x1 build/debug/Core/Src/main.o
                0x2000011d                clearToSend
 *fill*         0x2000011e        0x2 
 .bss.bigBuffer
                0x20000120       0x22 build/debug/Core/Src/main.o
                0x20000120                bigBuffer
 *fill*         0x20000142        0x2 
 .bss.mag_axis  0x20000144        0xc build/debug/Core/Src/main.o
                0x20000144                mag_axis
 .bss.accel2_axis
                0x20000150        0xc build/debug/Core/Src/main.o
                0x20000150                accel2_axis
 .bss.gyro_axis
                0x2000015c        0xc build/debug/Core/Src/main.o
                0x2000015c                gyro_axis
 .bss.accel1_axis
                0x20000168        0xc build/debug/Core/Src/main.o
                0x20000168                accel1_axis
 .bss.hdma_usart2_rx
                0x20000174       0x60 build/debug/Core/Src/main.o
                0x20000174                hdma_usart2_rx
 .bss.huart2    0x200001d4       0x48 build/debug/Core/Src/main.o
                0x200001d4                huart2
 .bss.htim2     0x2000021c       0x48 build/debug/Core/Src/main.o
                0x2000021c                htim2
 .bss.htim1     0x20000264       0x48 build/debug/Core/Src/stm32f4xx_hal_timebase_tim.o
                0x20000264                htim1
 .bss.I2C1InitCounter
                0x200002ac        0x4 build/debug/Core/Src/stm32f4xx_nucleo_bus.o
 .bss.hi2c1     0x200002b0       0x54 build/debug/Core/Src/stm32f4xx_nucleo_bus.o
                0x200002b0                hi2c1
 .bss.iis2mdc_obj_0.0
                0x20000304       0x34 build/debug/Drivers/BSP/IKS02A1/iks02a1_motion_sensors.o
 .bss.iis2dlpc_obj_0.1
                0x20000338       0x3c build/debug/Drivers/BSP/IKS02A1/iks02a1_motion_sensors.o
 .bss.ism330dhcx_obj_0.2
                0x20000374       0x38 build/debug/Drivers/BSP/IKS02A1/iks02a1_motion_sensors.o
 .bss.MotionCtx
                0x200003ac        0xc build/debug/Drivers/BSP/IKS02A1/iks02a1_motion_sensors.o
 .bss.MotionDrv
                0x200003b8        0xc build/debug/Drivers/BSP/IKS02A1/iks02a1_motion_sensors.o
 .bss.MotionFuncDrv
                0x200003c4       0x24 build/debug/Drivers/BSP/IKS02A1/iks02a1_motion_sensors.o
 .bss.MotionCompObj
                0x200003e8        0xc build/debug/Drivers/BSP/IKS02A1/iks02a1_motion_sensors.o
                0x200003e8                MotionCompObj
 .bss.uwTick    0x200003f4        0x4 build/debug/Drivers/STM32F4xx_HAL_Driver/Src/stm32f4xx_hal.o
                0x200003f4                uwTick
 *(COMMON)
                0x200003f8                        . = ALIGN (0x4)
                0x200003f8                        _ebss = .
                0x200003f8                        __bss_end__ = _ebss

._user_heap_stack
                0x200003f8      0x600 load address 0x08005fb8
                0x200003f8                        . = ALIGN (0x8)
                [!provide]                        PROVIDE (end = .)
                0x200003f8                        PROVIDE (_end = .)
                0x200005f8                        . = (. + _Min_Heap_Size)
 *fill*         0x200003f8      0x200 
                0x200009f8                        . = (. + _Min_Stack_Size)
 *fill*         0x200005f8      0x400 
                0x200009f8                        . = ALIGN (0x8)

/DISCARD/
 libc.a(*)
 libm.a(*)
 libgcc.a(*)

.ARM.attributes
                0x00000000       0x30
 *(.ARM.attributes)
 .ARM.attributes
                0x00000000       0x22 c:/users/jessejabezarendse/appdata/roaming/code/user/globalstorage/bmd.stm32-for-vscode/@xpack-dev-tools/arm-none-eabi-gcc/12.3.1-1.2.1/.content/bin/../lib/gcc/arm-none-eabi/12.3.1/thumb/v7e-m+fp/hard/crti.o
 .ARM.attributes
                0x00000022       0x34 c:/users/jessejabezarendse/appdata/roaming/code/user/globalstorage/bmd.stm32-for-vscode/@xpack-dev-tools/arm-none-eabi-gcc/12.3.1-1.2.1/.content/bin/../lib/gcc/arm-none-eabi/12.3.1/thumb/v7e-m+fp/hard/crtbegin.o
 .ARM.attributes
                0x00000056       0x34 build/debug/Core/Src/IKS02A1_Simulink.o
 .ARM.attributes
                0x0000008a       0x34 build/debug/Core/Src/main.o
 .ARM.attributes
                0x000000be       0x34 build/debug/Core/Src/stm32f4xx_hal_msp.o
 .ARM.attributes
                0x000000f2       0x34 build/debug/Core/Src/stm32f4xx_hal_timebase_tim.o
 .ARM.attributes
                0x00000126       0x34 build/debug/Core/Src/stm32f4xx_it.o
 .ARM.attributes
                0x0000015a       0x34 build/debug/Core/Src/stm32f4xx_nucleo_bus.o
 .ARM.attributes
                0x0000018e       0x34 build/debug/Core/Src/system_stm32f4xx.o
 .ARM.attributes
                0x000001c2       0x34 build/debug/Drivers/BSP/Components/iis2dlpc/iis2dlpc.o
 .ARM.attributes
                0x000001f6       0x34 build/debug/Drivers/BSP/Components/iis2dlpc/iis2dlpc_reg.o
 .ARM.attributes
                0x0000022a       0x34 build/debug/Drivers/BSP/Components/iis2mdc/iis2mdc.o
 .ARM.attributes
                0x0000025e       0x34 build/debug/Drivers/BSP/Components/iis2mdc/iis2mdc_reg.o
 .ARM.attributes
                0x00000292       0x34 build/debug/Drivers/BSP/Components/ism330dhcx/ism330dhcx.o
 .ARM.attributes
                0x000002c6       0x34 build/debug/Drivers/BSP/Components/ism330dhcx/ism330dhcx_reg.o
 .ARM.attributes
                0x000002fa       0x34 build/debug/Drivers/BSP/IKS02A1/iks02a1_motion_sensors.o
 .ARM.attributes
                0x0000032e       0x34 build/debug/Drivers/STM32F4xx_HAL_Driver/Src/stm32f4xx_hal.o
 .ARM.attributes
                0x00000362       0x34 build/debug/Drivers/STM32F4xx_HAL_Driver/Src/stm32f4xx_hal_cortex.o
 .ARM.attributes
                0x00000396       0x34 build/debug/Drivers/STM32F4xx_HAL_Driver/Src/stm32f4xx_hal_dma.o
 .ARM.attributes
                0x000003ca       0x34 build/debug/Drivers/STM32F4xx_HAL_Driver/Src/stm32f4xx_hal_gpio.o
 .ARM.attributes
                0x000003fe       0x34 build/debug/Drivers/STM32F4xx_HAL_Driver/Src/stm32f4xx_hal_i2c.o
 .ARM.attributes
                0x00000432       0x34 build/debug/Drivers/STM32F4xx_HAL_Driver/Src/stm32f4xx_hal_rcc.o
 .ARM.attributes
                0x00000466       0x34 build/debug/Drivers/STM32F4xx_HAL_Driver/Src/stm32f4xx_hal_tim.o
 .ARM.attributes
                0x0000049a       0x34 build/debug/Drivers/STM32F4xx_HAL_Driver/Src/stm32f4xx_hal_tim_ex.o
 .ARM.attributes
                0x000004ce       0x34 build/debug/Drivers/STM32F4xx_HAL_Driver/Src/stm32f4xx_hal_uart.o
 .ARM.attributes
                0x00000502       0x21 build/debug/startup_stm32f411xe.o
 .ARM.attributes
                0x00000523       0x34 c:/users/jessejabezarendse/appdata/roaming/code/user/globalstorage/bmd.stm32-for-vscode/@xpack-dev-tools/arm-none-eabi-gcc/12.3.1-1.2.1/.content/bin/../lib/gcc/arm-none-eabi/12.3.1/../../../../arm-none-eabi/lib/thumb/v7e-m+fp/hard\libc_nano.a(libc_a-memset.o)
 .ARM.attributes
                0x00000557       0x34 c:/users/jessejabezarendse/appdata/roaming/code/user/globalstorage/bmd.stm32-for-vscode/@xpack-dev-tools/arm-none-eabi-gcc/12.3.1-1.2.1/.content/bin/../lib/gcc/arm-none-eabi/12.3.1/../../../../arm-none-eabi/lib/thumb/v7e-m+fp/hard\libc_nano.a(libc_a-init.o)
 .ARM.attributes
                0x0000058b       0x22 c:/users/jessejabezarendse/appdata/roaming/code/user/globalstorage/bmd.stm32-for-vscode/@xpack-dev-tools/arm-none-eabi-gcc/12.3.1-1.2.1/.content/bin/../lib/gcc/arm-none-eabi/12.3.1/thumb/v7e-m+fp/hard\libgcc.a(_aeabi_uldivmod.o)
 .ARM.attributes
                0x000005ad       0x34 c:/users/jessejabezarendse/appdata/roaming/code/user/globalstorage/bmd.stm32-for-vscode/@xpack-dev-tools/arm-none-eabi-gcc/12.3.1-1.2.1/.content/bin/../lib/gcc/arm-none-eabi/12.3.1/thumb/v7e-m+fp/hard\libgcc.a(_udivmoddi4.o)
 .ARM.attributes
                0x000005e1       0x22 c:/users/jessejabezarendse/appdata/roaming/code/user/globalstorage/bmd.stm32-for-vscode/@xpack-dev-tools/arm-none-eabi-gcc/12.3.1-1.2.1/.content/bin/../lib/gcc/arm-none-eabi/12.3.1/thumb/v7e-m+fp/hard\libgcc.a(_dvmd_tls.o)
 .ARM.attributes
                0x00000603       0x22 c:/users/jessejabezarendse/appdata/roaming/code/user/globalstorage/bmd.stm32-for-vscode/@xpack-dev-tools/arm-none-eabi-gcc/12.3.1-1.2.1/.content/bin/../lib/gcc/arm-none-eabi/12.3.1/thumb/v7e-m+fp/hard/crtn.o
OUTPUT(build/NucleoMX_IKS02A1.elf elf32-littlearm)
LOAD linker stubs
LOAD c:/users/jessejabezarendse/appdata/roaming/code/user/globalstorage/bmd.stm32-for-vscode/@xpack-dev-tools/arm-none-eabi-gcc/12.3.1-1.2.1/.content/bin/../lib/gcc/arm-none-eabi/12.3.1/../../../../arm-none-eabi/lib/thumb/v7e-m+fp/hard\libc.a
LOAD c:/users/jessejabezarendse/appdata/roaming/code/user/globalstorage/bmd.stm32-for-vscode/@xpack-dev-tools/arm-none-eabi-gcc/12.3.1-1.2.1/.content/bin/../lib/gcc/arm-none-eabi/12.3.1/../../../../arm-none-eabi/lib/thumb/v7e-m+fp/hard\libm.a
LOAD c:/users/jessejabezarendse/appdata/roaming/code/user/globalstorage/bmd.stm32-for-vscode/@xpack-dev-tools/arm-none-eabi-gcc/12.3.1-1.2.1/.content/bin/../lib/gcc/arm-none-eabi/12.3.1/thumb/v7e-m+fp/hard\libgcc.a

.comment        0x00000000       0x39
 .comment       0x00000000       0x39 c:/users/jessejabezarendse/appdata/roaming/code/user/globalstorage/bmd.stm32-for-vscode/@xpack-dev-tools/arm-none-eabi-gcc/12.3.1-1.2.1/.content/bin/../lib/gcc/arm-none-eabi/12.3.1/thumb/v7e-m+fp/hard/crtbegin.o
                                 0x3a (size before relaxing)
 .comment       0x00000039       0x3a build/debug/Core/Src/IKS02A1_Simulink.o
 .comment       0x00000039       0x3a build/debug/Core/Src/main.o
 .comment       0x00000039       0x3a build/debug/Core/Src/stm32f4xx_hal_msp.o
 .comment       0x00000039       0x3a build/debug/Core/Src/stm32f4xx_hal_timebase_tim.o
 .comment       0x00000039       0x3a build/debug/Core/Src/stm32f4xx_it.o
 .comment       0x00000039       0x3a build/debug/Core/Src/stm32f4xx_nucleo_bus.o
 .comment       0x00000039       0x3a build/debug/Core/Src/system_stm32f4xx.o
 .comment       0x00000039       0x3a build/debug/Drivers/BSP/Components/iis2dlpc/iis2dlpc.o
 .comment       0x00000039       0x3a build/debug/Drivers/BSP/Components/iis2dlpc/iis2dlpc_reg.o
 .comment       0x00000039       0x3a build/debug/Drivers/BSP/Components/iis2mdc/iis2mdc.o
 .comment       0x00000039       0x3a build/debug/Drivers/BSP/Components/iis2mdc/iis2mdc_reg.o
 .comment       0x00000039       0x3a build/debug/Drivers/BSP/Components/ism330dhcx/ism330dhcx.o
 .comment       0x00000039       0x3a build/debug/Drivers/BSP/Components/ism330dhcx/ism330dhcx_reg.o
 .comment       0x00000039       0x3a build/debug/Drivers/BSP/IKS02A1/iks02a1_motion_sensors.o
 .comment       0x00000039       0x3a build/debug/Drivers/STM32F4xx_HAL_Driver/Src/stm32f4xx_hal.o
 .comment       0x00000039       0x3a build/debug/Drivers/STM32F4xx_HAL_Driver/Src/stm32f4xx_hal_cortex.o
 .comment       0x00000039       0x3a build/debug/Drivers/STM32F4xx_HAL_Driver/Src/stm32f4xx_hal_dma.o
 .comment       0x00000039       0x3a build/debug/Drivers/STM32F4xx_HAL_Driver/Src/stm32f4xx_hal_gpio.o
 .comment       0x00000039       0x3a build/debug/Drivers/STM32F4xx_HAL_Driver/Src/stm32f4xx_hal_i2c.o
 .comment       0x00000039       0x3a build/debug/Drivers/STM32F4xx_HAL_Driver/Src/stm32f4xx_hal_rcc.o
 .comment       0x00000039       0x3a build/debug/Drivers/STM32F4xx_HAL_Driver/Src/stm32f4xx_hal_tim.o
 .comment       0x00000039       0x3a build/debug/Drivers/STM32F4xx_HAL_Driver/Src/stm32f4xx_hal_tim_ex.o
 .comment       0x00000039       0x3a build/debug/Drivers/STM32F4xx_HAL_Driver/Src/stm32f4xx_hal_uart.o
 .comment       0x00000039       0x3a c:/users/jessejabezarendse/appdata/roaming/code/user/globalstorage/bmd.stm32-for-vscode/@xpack-dev-tools/arm-none-eabi-gcc/12.3.1-1.2.1/.content/bin/../lib/gcc/arm-none-eabi/12.3.1/../../../../arm-none-eabi/lib/thumb/v7e-m+fp/hard\libc_nano.a(libc_a-memset.o)
 .comment       0x00000039       0x3a c:/users/jessejabezarendse/appdata/roaming/code/user/globalstorage/bmd.stm32-for-vscode/@xpack-dev-tools/arm-none-eabi-gcc/12.3.1-1.2.1/.content/bin/../lib/gcc/arm-none-eabi/12.3.1/../../../../arm-none-eabi/lib/thumb/v7e-m+fp/hard\libc_nano.a(libc_a-init.o)
 .comment       0x00000039       0x3a c:/users/jessejabezarendse/appdata/roaming/code/user/globalstorage/bmd.stm32-for-vscode/@xpack-dev-tools/arm-none-eabi-gcc/12.3.1-1.2.1/.content/bin/../lib/gcc/arm-none-eabi/12.3.1/thumb/v7e-m+fp/hard\libgcc.a(_udivmoddi4.o)

.debug_info     0x00000000    0x3b9ee
 .debug_info    0x00000000     0x1298 build/debug/Core/Src/IKS02A1_Simulink.o
 .debug_info    0x00001298     0x180d build/debug/Core/Src/main.o
 .debug_info    0x00002aa5      0xffa build/debug/Core/Src/stm32f4xx_hal_msp.o
 .debug_info    0x00003a9f      0xc04 build/debug/Core/Src/stm32f4xx_hal_timebase_tim.o
 .debug_info    0x000046a3      0xb70 build/debug/Core/Src/stm32f4xx_it.o
 .debug_info    0x00005213     0x1118 build/debug/Core/Src/stm32f4xx_nucleo_bus.o
 .debug_info    0x0000632b      0x553 build/debug/Core/Src/system_stm32f4xx.o
 .debug_info    0x0000687e     0x13f1 build/debug/Drivers/BSP/Components/iis2dlpc/iis2dlpc.o
 .debug_info    0x00007c6f     0x5195 build/debug/Drivers/BSP/Components/iis2dlpc/iis2dlpc_reg.o
 .debug_info    0x0000ce04      0xf8d build/debug/Drivers/BSP/Components/iis2mdc/iis2mdc.o
 .debug_info    0x0000dd91     0x2086 build/debug/Drivers/BSP/Components/iis2mdc/iis2mdc_reg.o
 .debug_info    0x0000fe17     0x7b49 build/debug/Drivers/BSP/Components/ism330dhcx/ism330dhcx.o
 .debug_info    0x00017960    0x11873 build/debug/Drivers/BSP/Components/ism330dhcx/ism330dhcx_reg.o
 .debug_info    0x000291d3     0x1d03 build/debug/Drivers/BSP/IKS02A1/iks02a1_motion_sensors.o
 .debug_info    0x0002aed6      0x962 build/debug/Drivers/STM32F4xx_HAL_Driver/Src/stm32f4xx_hal.o
 .debug_info    0x0002b838      0xf2b build/debug/Drivers/STM32F4xx_HAL_Driver/Src/stm32f4xx_hal_cortex.o
 .debug_info    0x0002c763      0xad8 build/debug/Drivers/STM32F4xx_HAL_Driver/Src/stm32f4xx_hal_dma.o
 .debug_info    0x0002d23b      0x73a build/debug/Drivers/STM32F4xx_HAL_Driver/Src/stm32f4xx_hal_gpio.o
 .debug_info    0x0002d975     0x37ce build/debug/Drivers/STM32F4xx_HAL_Driver/Src/stm32f4xx_hal_i2c.o
 .debug_info    0x00031143      0xaae build/debug/Drivers/STM32F4xx_HAL_Driver/Src/stm32f4xx_hal_rcc.o
 .debug_info    0x00031bf1     0x3bd9 build/debug/Drivers/STM32F4xx_HAL_Driver/Src/stm32f4xx_hal_tim.o
 .debug_info    0x000357ca     0x1ac1 build/debug/Drivers/STM32F4xx_HAL_Driver/Src/stm32f4xx_hal_tim_ex.o
 .debug_info    0x0003728b     0x3fd6 build/debug/Drivers/STM32F4xx_HAL_Driver/Src/stm32f4xx_hal_uart.o
 .debug_info    0x0003b261       0x30 build/debug/startup_stm32f411xe.o
 .debug_info    0x0003b291       0x24 c:/users/jessejabezarendse/appdata/roaming/code/user/globalstorage/bmd.stm32-for-vscode/@xpack-dev-tools/arm-none-eabi-gcc/12.3.1-1.2.1/.content/bin/../lib/gcc/arm-none-eabi/12.3.1/thumb/v7e-m+fp/hard\libgcc.a(_aeabi_uldivmod.o)
 .debug_info    0x0003b2b5      0x6fd c:/users/jessejabezarendse/appdata/roaming/code/user/globalstorage/bmd.stm32-for-vscode/@xpack-dev-tools/arm-none-eabi-gcc/12.3.1-1.2.1/.content/bin/../lib/gcc/arm-none-eabi/12.3.1/thumb/v7e-m+fp/hard\libgcc.a(_udivmoddi4.o)
 .debug_info    0x0003b9b2       0x3c c:/users/jessejabezarendse/appdata/roaming/code/user/globalstorage/bmd.stm32-for-vscode/@xpack-dev-tools/arm-none-eabi-gcc/12.3.1-1.2.1/.content/bin/../lib/gcc/arm-none-eabi/12.3.1/thumb/v7e-m+fp/hard\libgcc.a(_dvmd_tls.o)

.debug_abbrev   0x00000000     0x3f5d
 .debug_abbrev  0x00000000      0x2ab build/debug/Core/Src/IKS02A1_Simulink.o
 .debug_abbrev  0x000002ab      0x362 build/debug/Core/Src/main.o
 .debug_abbrev  0x0000060d      0x23b build/debug/Core/Src/stm32f4xx_hal_msp.o
 .debug_abbrev  0x00000848      0x246 build/debug/Core/Src/stm32f4xx_hal_timebase_tim.o
 .debug_abbrev  0x00000a8e      0x25c build/debug/Core/Src/stm32f4xx_it.o
 .debug_abbrev  0x00000cea      0x2d8 build/debug/Core/Src/stm32f4xx_nucleo_bus.o
 .debug_abbrev  0x00000fc2      0x11e build/debug/Core/Src/system_stm32f4xx.o
 .debug_abbrev  0x000010e0      0x2ff build/debug/Drivers/BSP/Components/iis2dlpc/iis2dlpc.o
 .debug_abbrev  0x000013df      0x291 build/debug/Drivers/BSP/Components/iis2dlpc/iis2dlpc_reg.o
 .debug_abbrev  0x00001670      0x2b9 build/debug/Drivers/BSP/Components/iis2mdc/iis2mdc.o
 .debug_abbrev  0x00001929      0x294 build/debug/Drivers/BSP/Components/iis2mdc/iis2mdc_reg.o
 .debug_abbrev  0x00001bbd      0x3a6 build/debug/Drivers/BSP/Components/ism330dhcx/ism330dhcx.o
 .debug_abbrev  0x00001f63      0x2b9 build/debug/Drivers/BSP/Components/ism330dhcx/ism330dhcx_reg.o
 .debug_abbrev  0x0000221c      0x319 build/debug/Drivers/BSP/IKS02A1/iks02a1_motion_sensors.o
 .debug_abbrev  0x00002535      0x277 build/debug/Drivers/STM32F4xx_HAL_Driver/Src/stm32f4xx_hal.o
 .debug_abbrev  0x000027ac      0x391 build/debug/Drivers/STM32F4xx_HAL_Driver/Src/stm32f4xx_hal_cortex.o
 .debug_abbrev  0x00002b3d      0x27d build/debug/Drivers/STM32F4xx_HAL_Driver/Src/stm32f4xx_hal_dma.o
 .debug_abbrev  0x00002dba      0x201 build/debug/Drivers/STM32F4xx_HAL_Driver/Src/stm32f4xx_hal_gpio.o
 .debug_abbrev  0x00002fbb      0x2d2 build/debug/Drivers/STM32F4xx_HAL_Driver/Src/stm32f4xx_hal_i2c.o
 .debug_abbrev  0x0000328d      0x2c6 build/debug/Drivers/STM32F4xx_HAL_Driver/Src/stm32f4xx_hal_rcc.o
 .debug_abbrev  0x00003553      0x284 build/debug/Drivers/STM32F4xx_HAL_Driver/Src/stm32f4xx_hal_tim.o
 .debug_abbrev  0x000037d7      0x282 build/debug/Drivers/STM32F4xx_HAL_Driver/Src/stm32f4xx_hal_tim_ex.o
 .debug_abbrev  0x00003a59      0x33c build/debug/Drivers/STM32F4xx_HAL_Driver/Src/stm32f4xx_hal_uart.o
 .debug_abbrev  0x00003d95       0x24 build/debug/startup_stm32f411xe.o
 .debug_abbrev  0x00003db9       0x14 c:/users/jessejabezarendse/appdata/roaming/code/user/globalstorage/bmd.stm32-for-vscode/@xpack-dev-tools/arm-none-eabi-gcc/12.3.1-1.2.1/.content/bin/../lib/gcc/arm-none-eabi/12.3.1/thumb/v7e-m+fp/hard\libgcc.a(_aeabi_uldivmod.o)
 .debug_abbrev  0x00003dcd      0x16a c:/users/jessejabezarendse/appdata/roaming/code/user/globalstorage/bmd.stm32-for-vscode/@xpack-dev-tools/arm-none-eabi-gcc/12.3.1-1.2.1/.content/bin/../lib/gcc/arm-none-eabi/12.3.1/thumb/v7e-m+fp/hard\libgcc.a(_udivmoddi4.o)
 .debug_abbrev  0x00003f37       0x26 c:/users/jessejabezarendse/appdata/roaming/code/user/globalstorage/bmd.stm32-for-vscode/@xpack-dev-tools/arm-none-eabi-gcc/12.3.1-1.2.1/.content/bin/../lib/gcc/arm-none-eabi/12.3.1/thumb/v7e-m+fp/hard\libgcc.a(_dvmd_tls.o)

.debug_loclists
                0x00000000    0x179e8
 .debug_loclists
                0x00000000       0xe8 build/debug/Core/Src/IKS02A1_Simulink.o
 .debug_loclists
                0x000000e8       0x56 build/debug/Core/Src/main.o
 .debug_loclists
                0x0000013e       0x8f build/debug/Core/Src/stm32f4xx_hal_msp.o
 .debug_loclists
                0x000001cd       0x6d build/debug/Core/Src/stm32f4xx_hal_timebase_tim.o
 .debug_loclists
                0x0000023a      0x3d4 build/debug/Core/Src/stm32f4xx_nucleo_bus.o
 .debug_loclists
                0x0000060e       0xdb build/debug/Core/Src/system_stm32f4xx.o
 .debug_loclists
                0x000006e9      0x83a build/debug/Drivers/BSP/Components/iis2dlpc/iis2dlpc.o
 .debug_loclists
                0x00000f23     0x1ec4 build/debug/Drivers/BSP/Components/iis2dlpc/iis2dlpc_reg.o
 .debug_loclists
                0x00002de7      0x533 build/debug/Drivers/BSP/Components/iis2mdc/iis2mdc.o
 .debug_loclists
                0x0000331a      0xcec build/debug/Drivers/BSP/Components/iis2mdc/iis2mdc_reg.o
 .debug_loclists
                0x00004006     0x1997 build/debug/Drivers/BSP/Components/ism330dhcx/ism330dhcx.o
 .debug_loclists
                0x0000599d     0x60a2 build/debug/Drivers/BSP/Components/ism330dhcx/ism330dhcx_reg.o
 .debug_loclists
                0x0000ba3f      0x766 build/debug/Drivers/BSP/IKS02A1/iks02a1_motion_sensors.o
 .debug_loclists
                0x0000c1a5       0xc9 build/debug/Drivers/STM32F4xx_HAL_Driver/Src/stm32f4xx_hal.o
 .debug_loclists
                0x0000c26e      0x439 build/debug/Drivers/STM32F4xx_HAL_Driver/Src/stm32f4xx_hal_cortex.o
 .debug_loclists
                0x0000c6a7      0x763 build/debug/Drivers/STM32F4xx_HAL_Driver/Src/stm32f4xx_hal_dma.o
 .debug_loclists
                0x0000ce0a      0x356 build/debug/Drivers/STM32F4xx_HAL_Driver/Src/stm32f4xx_hal_gpio.o
 .debug_loclists
                0x0000d160     0x2b78 build/debug/Drivers/STM32F4xx_HAL_Driver/Src/stm32f4xx_hal_i2c.o
 .debug_loclists
                0x0000fcd8      0x3a9 build/debug/Drivers/STM32F4xx_HAL_Driver/Src/stm32f4xx_hal_rcc.o
 .debug_loclists
                0x00010081     0x3360 build/debug/Drivers/STM32F4xx_HAL_Driver/Src/stm32f4xx_hal_tim.o
 .debug_loclists
                0x000133e1     0x1292 build/debug/Drivers/STM32F4xx_HAL_Driver/Src/stm32f4xx_hal_tim_ex.o
 .debug_loclists
                0x00014673     0x29f1 build/debug/Drivers/STM32F4xx_HAL_Driver/Src/stm32f4xx_hal_uart.o
 .debug_loclists
                0x00017064      0x984 c:/users/jessejabezarendse/appdata/roaming/code/user/globalstorage/bmd.stm32-for-vscode/@xpack-dev-tools/arm-none-eabi-gcc/12.3.1-1.2.1/.content/bin/../lib/gcc/arm-none-eabi/12.3.1/thumb/v7e-m+fp/hard\libgcc.a(_udivmoddi4.o)

.debug_aranges  0x00000000     0x2530
 .debug_aranges
                0x00000000       0x68 build/debug/Core/Src/IKS02A1_Simulink.o
 .debug_aranges
                0x00000068       0x68 build/debug/Core/Src/main.o
 .debug_aranges
                0x000000d0       0x40 build/debug/Core/Src/stm32f4xx_hal_msp.o
 .debug_aranges
                0x00000110       0x30 build/debug/Core/Src/stm32f4xx_hal_timebase_tim.o
 .debug_aranges
                0x00000140       0x88 build/debug/Core/Src/stm32f4xx_it.o
 .debug_aranges
                0x000001c8       0x80 build/debug/Core/Src/stm32f4xx_nucleo_bus.o
 .debug_aranges
                0x00000248       0x28 build/debug/Core/Src/system_stm32f4xx.o
 .debug_aranges
                0x00000270       0xc8 build/debug/Drivers/BSP/Components/iis2dlpc/iis2dlpc.o
 .debug_aranges
                0x00000338      0x3c8 build/debug/Drivers/BSP/Components/iis2dlpc/iis2dlpc_reg.o
 .debug_aranges
                0x00000700       0xb8 build/debug/Drivers/BSP/Components/iis2mdc/iis2mdc.o
 .debug_aranges
                0x000007b8      0x1a0 build/debug/Drivers/BSP/Components/iis2mdc/iis2mdc_reg.o
 .debug_aranges
                0x00000958      0x338 build/debug/Drivers/BSP/Components/ism330dhcx/ism330dhcx.o
 .debug_aranges
                0x00000c90      0xa40 build/debug/Drivers/BSP/Components/ism330dhcx/ism330dhcx_reg.o
 .debug_aranges
                0x000016d0       0x98 build/debug/Drivers/BSP/IKS02A1/iks02a1_motion_sensors.o
 .debug_aranges
                0x00001768       0xf0 build/debug/Drivers/STM32F4xx_HAL_Driver/Src/stm32f4xx_hal.o
 .debug_aranges
                0x00001858       0xf8 build/debug/Drivers/STM32F4xx_HAL_Driver/Src/stm32f4xx_hal_cortex.o
 .debug_aranges
                0x00001950       0x90 build/debug/Drivers/STM32F4xx_HAL_Driver/Src/stm32f4xx_hal_dma.o
 .debug_aranges
                0x000019e0       0x58 build/debug/Drivers/STM32F4xx_HAL_Driver/Src/stm32f4xx_hal_gpio.o
 .debug_aranges
                0x00001a38      0x2a8 build/debug/Drivers/STM32F4xx_HAL_Driver/Src/stm32f4xx_hal_i2c.o
 .debug_aranges
                0x00001ce0       0x88 build/debug/Drivers/STM32F4xx_HAL_Driver/Src/stm32f4xx_hal_rcc.o
 .debug_aranges
                0x00001d68      0x3d0 build/debug/Drivers/STM32F4xx_HAL_Driver/Src/stm32f4xx_hal_tim.o
 .debug_aranges
                0x00002138      0x168 build/debug/Drivers/STM32F4xx_HAL_Driver/Src/stm32f4xx_hal_tim_ex.o
 .debug_aranges
                0x000022a0      0x208 build/debug/Drivers/STM32F4xx_HAL_Driver/Src/stm32f4xx_hal_uart.o
 .debug_aranges
                0x000024a8       0x28 build/debug/startup_stm32f411xe.o
 .debug_aranges
                0x000024d0       0x20 c:/users/jessejabezarendse/appdata/roaming/code/user/globalstorage/bmd.stm32-for-vscode/@xpack-dev-tools/arm-none-eabi-gcc/12.3.1-1.2.1/.content/bin/../lib/gcc/arm-none-eabi/12.3.1/thumb/v7e-m+fp/hard\libgcc.a(_aeabi_uldivmod.o)
 .debug_aranges
                0x000024f0       0x20 c:/users/jessejabezarendse/appdata/roaming/code/user/globalstorage/bmd.stm32-for-vscode/@xpack-dev-tools/arm-none-eabi-gcc/12.3.1-1.2.1/.content/bin/../lib/gcc/arm-none-eabi/12.3.1/thumb/v7e-m+fp/hard\libgcc.a(_udivmoddi4.o)
 .debug_aranges
                0x00002510       0x20 c:/users/jessejabezarendse/appdata/roaming/code/user/globalstorage/bmd.stm32-for-vscode/@xpack-dev-tools/arm-none-eabi-gcc/12.3.1-1.2.1/.content/bin/../lib/gcc/arm-none-eabi/12.3.1/thumb/v7e-m+fp/hard\libgcc.a(_dvmd_tls.o)

.debug_rnglists
                0x00000000     0x1cb8
 .debug_rnglists
                0x00000000       0x4c build/debug/Core/Src/IKS02A1_Simulink.o
 .debug_rnglists
                0x0000004c       0x4b build/debug/Core/Src/main.o
 .debug_rnglists
                0x00000097       0x2c build/debug/Core/Src/stm32f4xx_hal_msp.o
 .debug_rnglists
                0x000000c3       0x20 build/debug/Core/Src/stm32f4xx_hal_timebase_tim.o
 .debug_rnglists
                0x000000e3       0x61 build/debug/Core/Src/stm32f4xx_it.o
 .debug_rnglists
                0x00000144       0x5c build/debug/Core/Src/stm32f4xx_nucleo_bus.o
 .debug_rnglists
                0x000001a0       0x1a build/debug/Core/Src/system_stm32f4xx.o
 .debug_rnglists
                0x000001ba       0x97 build/debug/Drivers/BSP/Components/iis2dlpc/iis2dlpc.o
 .debug_rnglists
                0x00000251      0x2d5 build/debug/Drivers/BSP/Components/iis2dlpc/iis2dlpc_reg.o
 .debug_rnglists
                0x00000526       0x85 build/debug/Drivers/BSP/Components/iis2mdc/iis2mdc.o
 .debug_rnglists
                0x000005ab      0x133 build/debug/Drivers/BSP/Components/iis2mdc/iis2mdc_reg.o
 .debug_rnglists
                0x000006de      0x27d build/debug/Drivers/BSP/Components/ism330dhcx/ism330dhcx.o
 .debug_rnglists
                0x0000095b      0x7c4 build/debug/Drivers/BSP/Components/ism330dhcx/ism330dhcx_reg.o
 .debug_rnglists
                0x0000111f       0x71 build/debug/Drivers/BSP/IKS02A1/iks02a1_motion_sensors.o
 .debug_rnglists
                0x00001190       0xaf build/debug/Drivers/STM32F4xx_HAL_Driver/Src/stm32f4xx_hal.o
 .debug_rnglists
                0x0000123f       0xb5 build/debug/Drivers/STM32F4xx_HAL_Driver/Src/stm32f4xx_hal_cortex.o
 .debug_rnglists
                0x000012f4       0x6c build/debug/Drivers/STM32F4xx_HAL_Driver/Src/stm32f4xx_hal_dma.o
 .debug_rnglists
                0x00001360       0x3f build/debug/Drivers/STM32F4xx_HAL_Driver/Src/stm32f4xx_hal_gpio.o
 .debug_rnglists
                0x0000139f      0x236 build/debug/Drivers/STM32F4xx_HAL_Driver/Src/stm32f4xx_hal_i2c.o
 .debug_rnglists
                0x000015d5       0x75 build/debug/Drivers/STM32F4xx_HAL_Driver/Src/stm32f4xx_hal_rcc.o
 .debug_rnglists
                0x0000164a      0x2ff build/debug/Drivers/STM32F4xx_HAL_Driver/Src/stm32f4xx_hal_tim.o
 .debug_rnglists
                0x00001949      0x11a build/debug/Drivers/STM32F4xx_HAL_Driver/Src/stm32f4xx_hal_tim_ex.o
 .debug_rnglists
                0x00001a63      0x1a1 build/debug/Drivers/STM32F4xx_HAL_Driver/Src/stm32f4xx_hal_uart.o
 .debug_rnglists
                0x00001c04       0x19 build/debug/startup_stm32f411xe.o
 .debug_rnglists
                0x00001c1d       0x9b c:/users/jessejabezarendse/appdata/roaming/code/user/globalstorage/bmd.stm32-for-vscode/@xpack-dev-tools/arm-none-eabi-gcc/12.3.1-1.2.1/.content/bin/../lib/gcc/arm-none-eabi/12.3.1/thumb/v7e-m+fp/hard\libgcc.a(_udivmoddi4.o)

.debug_line     0x00000000    0x2512b
 .debug_line    0x00000000      0x5e6 build/debug/Core/Src/IKS02A1_Simulink.o
 .debug_line    0x000005e6      0x855 build/debug/Core/Src/main.o
 .debug_line    0x00000e3b      0x42e build/debug/Core/Src/stm32f4xx_hal_msp.o
 .debug_line    0x00001269      0x389 build/debug/Core/Src/stm32f4xx_hal_timebase_tim.o
 .debug_line    0x000015f2      0x47c build/debug/Core/Src/stm32f4xx_it.o
 .debug_line    0x00001a6e      0x66f build/debug/Core/Src/stm32f4xx_nucleo_bus.o
 .debug_line    0x000020dd      0x30f build/debug/Core/Src/system_stm32f4xx.o
 .debug_line    0x000023ec      0xb3d build/debug/Drivers/BSP/Components/iis2dlpc/iis2dlpc.o
 .debug_line    0x00002f29     0x2315 build/debug/Drivers/BSP/Components/iis2dlpc/iis2dlpc_reg.o
 .debug_line    0x0000523e      0x816 build/debug/Drivers/BSP/Components/iis2mdc/iis2mdc.o
 .debug_line    0x00005a54      0xf38 build/debug/Drivers/BSP/Components/iis2mdc/iis2mdc_reg.o
 .debug_line    0x0000698c     0x25b4 build/debug/Drivers/BSP/Components/ism330dhcx/ism330dhcx.o
 .debug_line    0x00008f40     0x7c0e build/debug/Drivers/BSP/Components/ism330dhcx/ism330dhcx_reg.o
 .debug_line    0x00010b4e      0xcda build/debug/Drivers/BSP/IKS02A1/iks02a1_motion_sensors.o
 .debug_line    0x00011828      0x627 build/debug/Drivers/STM32F4xx_HAL_Driver/Src/stm32f4xx_hal.o
 .debug_line    0x00011e4f      0x914 build/debug/Drivers/STM32F4xx_HAL_Driver/Src/stm32f4xx_hal_cortex.o
 .debug_line    0x00012763      0xf1b build/debug/Drivers/STM32F4xx_HAL_Driver/Src/stm32f4xx_hal_dma.o
 .debug_line    0x0001367e      0x760 build/debug/Drivers/STM32F4xx_HAL_Driver/Src/stm32f4xx_hal_gpio.o
 .debug_line    0x00013dde     0x5568 build/debug/Drivers/STM32F4xx_HAL_Driver/Src/stm32f4xx_hal_i2c.o
 .debug_line    0x00019346      0xbfd build/debug/Drivers/STM32F4xx_HAL_Driver/Src/stm32f4xx_hal_rcc.o
 .debug_line    0x00019f43     0x4a3b build/debug/Drivers/STM32F4xx_HAL_Driver/Src/stm32f4xx_hal_tim.o
 .debug_line    0x0001e97e     0x1d6e build/debug/Drivers/STM32F4xx_HAL_Driver/Src/stm32f4xx_hal_tim_ex.o
 .debug_line    0x000206ec     0x4380 build/debug/Drivers/STM32F4xx_HAL_Driver/Src/stm32f4xx_hal_uart.o
 .debug_line    0x00024a6c       0x76 build/debug/startup_stm32f411xe.o
 .debug_line    0x00024ae2       0x4e c:/users/jessejabezarendse/appdata/roaming/code/user/globalstorage/bmd.stm32-for-vscode/@xpack-dev-tools/arm-none-eabi-gcc/12.3.1-1.2.1/.content/bin/../lib/gcc/arm-none-eabi/12.3.1/thumb/v7e-m+fp/hard\libgcc.a(_aeabi_uldivmod.o)
 .debug_line    0x00024b30      0x5b1 c:/users/jessejabezarendse/appdata/roaming/code/user/globalstorage/bmd.stm32-for-vscode/@xpack-dev-tools/arm-none-eabi-gcc/12.3.1-1.2.1/.content/bin/../lib/gcc/arm-none-eabi/12.3.1/thumb/v7e-m+fp/hard\libgcc.a(_udivmoddi4.o)
 .debug_line    0x000250e1       0x4a c:/users/jessejabezarendse/appdata/roaming/code/user/globalstorage/bmd.stm32-for-vscode/@xpack-dev-tools/arm-none-eabi-gcc/12.3.1-1.2.1/.content/bin/../lib/gcc/arm-none-eabi/12.3.1/thumb/v7e-m+fp/hard\libgcc.a(_dvmd_tls.o)

.debug_str      0x00000000     0xf920
 .debug_str     0x00000000      0xb6d build/debug/Core/Src/IKS02A1_Simulink.o
                                0xc58 (size before relaxing)
 .debug_str     0x00000b6d      0xc12 build/debug/Core/Src/main.o